Archive member included to satisfy reference by file (symbol)

c:/program files (x86)/atmel/studio/7.0/toolchain/arm/arm-gnu-toolchain/bin/../lib/gcc/arm-none-eabi/6.3.1/thumb/v7e-m\libgcc.a(_arm_addsubdf3.o)
                              hpl/sercom/hpl_sercom.o (__aeabi_dsub)
c:/program files (x86)/atmel/studio/7.0/toolchain/arm/arm-gnu-toolchain/bin/../lib/gcc/arm-none-eabi/6.3.1/thumb/v7e-m\libgcc.a(_arm_muldivdf3.o)
                              hpl/sercom/hpl_sercom.o (__aeabi_dmul)
c:/program files (x86)/atmel/studio/7.0/toolchain/arm/arm-gnu-toolchain/bin/../lib/gcc/arm-none-eabi/6.3.1/thumb/v7e-m\libgcc.a(_arm_fixunsdfsi.o)
                              hpl/sercom/hpl_sercom.o (__aeabi_d2uiz)
c:/program files (x86)/atmel/studio/7.0/toolchain/arm/arm-gnu-toolchain/bin/../lib/gcc/arm-none-eabi/6.3.1/thumb/v7e-m\libgcc.a(_aeabi_uldivmod.o)
                              hpl/sercom/hpl_sercom.o (__aeabi_uldivmod)
c:/program files (x86)/atmel/studio/7.0/toolchain/arm/arm-gnu-toolchain/bin/../lib/gcc/arm-none-eabi/6.3.1/thumb/v7e-m\libgcc.a(_udivmoddi4.o)
                              c:/program files (x86)/atmel/studio/7.0/toolchain/arm/arm-gnu-toolchain/bin/../lib/gcc/arm-none-eabi/6.3.1/thumb/v7e-m\libgcc.a(_aeabi_uldivmod.o) (__udivmoddi4)
c:/program files (x86)/atmel/studio/7.0/toolchain/arm/arm-gnu-toolchain/bin/../lib/gcc/arm-none-eabi/6.3.1/thumb/v7e-m\libgcc.a(_dvmd_tls.o)
                              c:/program files (x86)/atmel/studio/7.0/toolchain/arm/arm-gnu-toolchain/bin/../lib/gcc/arm-none-eabi/6.3.1/thumb/v7e-m\libgcc.a(_aeabi_uldivmod.o) (__aeabi_ldiv0)
c:/program files (x86)/atmel/studio/7.0/toolchain/arm/arm-gnu-toolchain/bin/../lib/gcc/arm-none-eabi/6.3.1/../../../../arm-none-eabi/lib/thumb/v7e-m\libc_nano.a(lib_a-exit.o)
                              c:/program files (x86)/atmel/studio/7.0/toolchain/arm/arm-gnu-toolchain/bin/../lib/gcc/arm-none-eabi/6.3.1/../../../../arm-none-eabi/lib/thumb/v7e-m/crt0.o (exit)
c:/program files (x86)/atmel/studio/7.0/toolchain/arm/arm-gnu-toolchain/bin/../lib/gcc/arm-none-eabi/6.3.1/../../../../arm-none-eabi/lib/thumb/v7e-m\libc_nano.a(lib_a-impure.o)
                              c:/program files (x86)/atmel/studio/7.0/toolchain/arm/arm-gnu-toolchain/bin/../lib/gcc/arm-none-eabi/6.3.1/../../../../arm-none-eabi/lib/thumb/v7e-m\libc_nano.a(lib_a-exit.o) (_global_impure_ptr)
c:/program files (x86)/atmel/studio/7.0/toolchain/arm/arm-gnu-toolchain/bin/../lib/gcc/arm-none-eabi/6.3.1/../../../../arm-none-eabi/lib/thumb/v7e-m\libc_nano.a(lib_a-init.o)
                              c:/program files (x86)/atmel/studio/7.0/toolchain/arm/arm-gnu-toolchain/bin/../lib/gcc/arm-none-eabi/6.3.1/../../../../arm-none-eabi/lib/thumb/v7e-m/crt0.o (__libc_init_array)
c:/program files (x86)/atmel/studio/7.0/toolchain/arm/arm-gnu-toolchain/bin/../lib/gcc/arm-none-eabi/6.3.1/../../../../arm-none-eabi/lib/thumb/v7e-m\libc_nano.a(lib_a-memset.o)
                              c:/program files (x86)/atmel/studio/7.0/toolchain/arm/arm-gnu-toolchain/bin/../lib/gcc/arm-none-eabi/6.3.1/../../../../arm-none-eabi/lib/thumb/v7e-m/crt0.o (memset)
c:/program files (x86)/atmel/studio/7.0/toolchain/arm/arm-gnu-toolchain/bin/../lib/gcc/arm-none-eabi/6.3.1/../../../../arm-none-eabi/lib/thumb/v7e-m\libc_nano.a(lib_a-printf.o)
                              hal/utils/src/utils_syscalls.o (printf)
c:/program files (x86)/atmel/studio/7.0/toolchain/arm/arm-gnu-toolchain/bin/../lib/gcc/arm-none-eabi/6.3.1/../../../../arm-none-eabi/lib/thumb/v7e-m\libc_nano.a(lib_a-findfp.o)
                              c:/program files (x86)/atmel/studio/7.0/toolchain/arm/arm-gnu-toolchain/bin/../lib/gcc/arm-none-eabi/6.3.1/../../../../arm-none-eabi/lib/thumb/v7e-m\libc_nano.a(lib_a-printf.o) (__sinit)
c:/program files (x86)/atmel/studio/7.0/toolchain/arm/arm-gnu-toolchain/bin/../lib/gcc/arm-none-eabi/6.3.1/../../../../arm-none-eabi/lib/thumb/v7e-m\libc_nano.a(lib_a-fwalk.o)
                              c:/program files (x86)/atmel/studio/7.0/toolchain/arm/arm-gnu-toolchain/bin/../lib/gcc/arm-none-eabi/6.3.1/../../../../arm-none-eabi/lib/thumb/v7e-m\libc_nano.a(lib_a-findfp.o) (_fwalk)
c:/program files (x86)/atmel/studio/7.0/toolchain/arm/arm-gnu-toolchain/bin/../lib/gcc/arm-none-eabi/6.3.1/../../../../arm-none-eabi/lib/thumb/v7e-m\libc_nano.a(lib_a-nano-mallocr.o)
                              c:/program files (x86)/atmel/studio/7.0/toolchain/arm/arm-gnu-toolchain/bin/../lib/gcc/arm-none-eabi/6.3.1/../../../../arm-none-eabi/lib/thumb/v7e-m\libc_nano.a(lib_a-findfp.o) (_malloc_r)
c:/program files (x86)/atmel/studio/7.0/toolchain/arm/arm-gnu-toolchain/bin/../lib/gcc/arm-none-eabi/6.3.1/../../../../arm-none-eabi/lib/thumb/v7e-m\libc_nano.a(lib_a-nano-vfprintf.o)
                              c:/program files (x86)/atmel/studio/7.0/toolchain/arm/arm-gnu-toolchain/bin/../lib/gcc/arm-none-eabi/6.3.1/../../../../arm-none-eabi/lib/thumb/v7e-m\libc_nano.a(lib_a-printf.o) (_vfprintf_r)
[...]
Memory Configuration

Name             Origin             Length             Attributes
rom              0x00000000         0x00100000         xr
ram              0x20000000         0x00040000         xrw
bkupram          0x47000000         0x00002000         xrw
qspi             0x04000000         0x01000000         xrw
*default*        0x00000000         0xffffffff

Linker script and memory map

LOAD c:/program files (x86)/atmel/studio/7.0/toolchain/arm/arm-gnu-toolchain/bin/../lib/gcc/arm-none-eabi/6.3.1/thumb/v7e-m/crti.o
LOAD c:/program files (x86)/atmel/studio/7.0/toolchain/arm/arm-gnu-toolchain/bin/../lib/gcc/arm-none-eabi/6.3.1/thumb/v7e-m/crtbegin.o
LOAD c:/program files (x86)/atmel/studio/7.0/toolchain/arm/arm-gnu-toolchain/bin/../lib/gcc/arm-none-eabi/6.3.1/../../../../arm-none-eabi/lib/thumb/v7e-m/crt0.o
LOAD atmel_start.o
LOAD Device_Startup/startup_samd51.o
LOAD Device_Startup/system_samd51.o
LOAD driver_init.o
LOAD examples/driver_examples.o
LOAD hal/src/hal_atomic.o
LOAD hal/src/hal_cache.o
LOAD hal/src/hal_delay.o
LOAD hal/src/hal_ext_irq.o
LOAD hal/src/hal_gpio.o
LOAD hal/src/hal_init.o
LOAD hal/src/hal_io.o
LOAD hal/src/hal_sleep.o
LOAD hal/src/hal_spi_m_sync.o
LOAD hal/src/hal_timer.o
LOAD hal/src/hal_usart_sync.o
LOAD hal/utils/src/utils_assert.o
LOAD hal/utils/src/utils_event.o
LOAD hal/utils/src/utils_list.o
LOAD hal/utils/src/utils_syscalls.o
LOAD hpl/cmcc/hpl_cmcc.o
LOAD hpl/core/hpl_core_m4.o
LOAD hpl/core/hpl_init.o
LOAD hpl/dmac/hpl_dmac.o
LOAD hpl/eic/hpl_eic.o
LOAD hpl/gclk/hpl_gclk.o
LOAD hpl/mclk/hpl_mclk.o
LOAD hpl/osc32kctrl/hpl_osc32kctrl.o
LOAD hpl/oscctrl/hpl_oscctrl.o
LOAD hpl/pm/hpl_pm.o
LOAD hpl/ramecc/hpl_ramecc.o
LOAD hpl/sercom/hpl_sercom.o
LOAD hpl/systick/hpl_systick.o
LOAD hpl/tc/hpl_tc.o
LOAD main.o
LOAD SX1262 Drivers/device_specific_implementation.o
LOAD SX1262 Drivers/sx126x_commands.o
LOAD SX1262 Drivers/sx126x_hal.o
START GROUP
LOAD c:/program files (x86)/atmel/studio/7.0/toolchain/arm/arm-gnu-toolchain/bin/../lib/gcc/arm-none-eabi/6.3.1/../../../../arm-none-eabi/lib/thumb/v7e-m\libm.a
END GROUP
START GROUP
LOAD c:/program files (x86)/atmel/studio/7.0/toolchain/arm/arm-gnu-toolchain/bin/../lib/gcc/arm-none-eabi/6.3.1/thumb/v7e-m\libgcc.a
LOAD c:/program files (x86)/atmel/studio/7.0/toolchain/arm/arm-gnu-toolchain/bin/../lib/gcc/arm-none-eabi/6.3.1/../../../../arm-none-eabi/lib/thumb/v7e-m\libc_nano.a
END GROUP
START GROUP
LOAD c:/program files (x86)/atmel/studio/7.0/toolchain/arm/arm-gnu-toolchain/bin/../lib/gcc/arm-none-eabi/6.3.1/thumb/v7e-m\libgcc.a
LOAD c:/program files (x86)/atmel/studio/7.0/toolchain/arm/arm-gnu-toolchain/bin/../lib/gcc/arm-none-eabi/6.3.1/../../../../arm-none-eabi/lib/thumb/v7e-m\libc_nano.a
END GROUP
LOAD c:/program files (x86)/atmel/studio/7.0/toolchain/arm/arm-gnu-toolchain/bin/../lib/gcc/arm-none-eabi/6.3.1/thumb/v7e-m/crtend.o
LOAD c:/program files (x86)/atmel/studio/7.0/toolchain/arm/arm-gnu-toolchain/bin/../lib/gcc/arm-none-eabi/6.3.1/thumb/v7e-m/crtn.o
                0x00010000                STACK_SIZE = DEFINED (STACK_SIZE)?STACK_SIZE:DEFINED (__stack_size__)?__stack_size__:0x10000

.text           0x00000000     0x2c20
                0x00000000                . = ALIGN (0x4)
                0x00000000                _sfixed = .
 *(.vectors .vectors.*)
 .vectors       0x00000000      0x264 Device_Startup/startup_samd51.o
                0x00000000                exception_table
 *(.text .text.* .gnu.linkonce.t.*)
 .text          0x00000264       0x6c c:/program files (x86)/atmel/studio/7.0/toolchain/arm/arm-gnu-toolchain/bin/../lib/gcc/arm-none-eabi/6.3.1/thumb/v7e-m/crtbegin.o
 .text.atmel_start_init
                0x000002d0        0xc atmel_start.o
                0x000002d0                atmel_start_init
 .text.Dummy_Handler
                0x000002dc        0x2 Device_Startup/startup_samd51.o
                0x000002dc                EIC_5_Handler
                0x000002dc                SVCall_Handler
                0x000002dc                SERCOM0_2_Handler
                0x000002dc                EIC_13_Handler
                0x000002dc                EVSYS_0_Handler
                0x000002dc                TCC1_3_Handler
                0x000002dc                DAC_3_Handler
                0x000002dc                TRNG_Handler
                0x000002dc                HardFault_Handler
                0x000002dc                TC2_Handler
                0x000002dc                PDEC_2_Handler
                0x000002dc                EIC_4_Handler
                0x000002dc                AC_Handler
                0x000002dc                SERCOM3_1_Handler
                0x000002dc                SysTick_Handler
                0x000002dc                TCC2_3_Handler
                0x000002dc                SERCOM3_2_Handler
                0x000002dc                PendSV_Handler
                0x000002dc                ADC1_1_Handler
                0x000002dc                EVSYS_3_Handler
                0x000002dc                PDEC_0_Handler
                0x000002dc                QSPI_Handler
                0x000002dc                NonMaskableInt_Handler
                0x000002dc                TCC0_0_Handler
                0x000002dc                EIC_3_Handler
                0x000002dc                MemManagement_Handler
                0x000002dc                DAC_2_Handler
                0x000002dc                SERCOM0_0_Handler
                0x000002dc                RTC_Handler
                0x000002dc                UsageFault_Handler
                0x000002dc                SERCOM4_0_Handler
                0x000002dc                EIC_10_Handler
                0x000002dc                SERCOM0_3_Handler
                0x000002dc                EIC_11_Handler
                0x000002dc                EIC_9_Handler
                0x000002dc                OSC32KCTRL_Handler
                0x000002dc                TCC2_1_Handler
                0x000002dc                SUPC_1_Handler
                0x000002dc                TCC0_5_Handler
                0x000002dc                TCC0_6_Handler
                0x000002dc                SERCOM6_2_Handler
                0x000002dc                EVSYS_1_Handler
                0x000002dc                TCC1_4_Handler
                0x000002dc                TC6_Handler
                0x000002dc                DMAC_0_Handler
                0x000002dc                WDT_Handler
                0x000002dc                EIC_8_Handler
                0x000002dc                EIC_15_Handler
                0x000002dc                SERCOM6_0_Handler
                0x000002dc                SERCOM5_0_Handler
                0x000002dc                TC4_Handler
                0x000002dc                TC1_Handler
                0x000002dc                OSCCTRL_4_Handler
                0x000002dc                SERCOM4_3_Handler
                0x000002dc                EIC_12_Handler
                0x000002dc                DMAC_4_Handler
                0x000002dc                TCC4_2_Handler
                0x000002dc                PAC_Handler
                0x000002dc                TCC1_0_Handler
                0x000002dc                USB_0_Handler
                0x000002dc                OSCCTRL_0_Handler
                0x000002dc                OSCCTRL_3_Handler
                0x000002dc                SERCOM4_1_Handler
                0x000002dc                TC3_Handler
                0x000002dc                Dummy_Handler
                0x000002dc                TCC3_0_Handler
                0x000002dc                TCC2_2_Handler
                0x000002dc                SERCOM5_1_Handler
                0x000002dc                TCC1_1_Handler
                0x000002dc                DMAC_2_Handler
                0x000002dc                ADC0_0_Handler
                0x000002dc                SERCOM0_1_Handler
                0x000002dc                OSCCTRL_2_Handler
                0x000002dc                ADC1_0_Handler
                0x000002dc                TCC1_2_Handler
                0x000002dc                SERCOM7_1_Handler
                0x000002dc                USB_1_Handler
                0x000002dc                PM_Handler
                0x000002dc                SERCOM6_3_Handler
                0x000002dc                SERCOM2_3_Handler
                0x000002dc                DAC_4_Handler
                0x000002dc                TCC3_2_Handler
                0x000002dc                SERCOM7_0_Handler
                0x000002dc                TCC0_2_Handler
                0x000002dc                DMAC_1_Handler
                0x000002dc                TCC4_0_Handler
                0x000002dc                SERCOM7_3_Handler
                0x000002dc                SDHC1_Handler
                0x000002dc                USB_3_Handler
                0x000002dc                SERCOM7_2_Handler
                0x000002dc                TCC2_0_Handler
                0x000002dc                PDEC_1_Handler
                0x000002dc                TCC4_1_Handler
                0x000002dc                SERCOM5_3_Handler
                0x000002dc                USB_2_Handler
                0x000002dc                SERCOM6_1_Handler
                0x000002dc                SDHC0_Handler
                0x000002dc                SERCOM1_1_Handler
                0x000002dc                I2S_Handler
                0x000002dc                EIC_2_Handler
                0x000002dc                PCC_Handler
                0x000002dc                DAC_0_Handler
                0x000002dc                TCC0_1_Handler
                0x000002dc                SERCOM1_3_Handler
                0x000002dc                EIC_6_Handler
                0x000002dc                OSCCTRL_1_Handler
                0x000002dc                SERCOM1_0_Handler
                0x000002dc                PUKCC_Handler
                0x000002dc                SERCOM2_1_Handler
                0x000002dc                SERCOM1_2_Handler
                0x000002dc                SERCOM3_0_Handler
                0x000002dc                EIC_1_Handler
                0x000002dc                SERCOM4_2_Handler
                0x000002dc                EVSYS_4_Handler
                0x000002dc                EIC_7_Handler
                0x000002dc                NVMCTRL_1_Handler
                0x000002dc                SERCOM5_2_Handler
                0x000002dc                SERCOM3_3_Handler
                0x000002dc                ADC0_1_Handler
                0x000002dc                SERCOM2_2_Handler
                0x000002dc                TCC3_1_Handler
                0x000002dc                EIC_14_Handler
                0x000002dc                DAC_1_Handler
                0x000002dc                NVMCTRL_0_Handler
                0x000002dc                MCLK_Handler
                0x000002dc                EVSYS_2_Handler
                0x000002dc                SUPC_0_Handler
                0x000002dc                BusFault_Handler
                0x000002dc                FREQM_Handler
                0x000002dc                TC0_Handler
                0x000002dc                TCC0_3_Handler
                0x000002dc                DMAC_3_Handler
                0x000002dc                DebugMonitor_Handler
                0x000002dc                TCC0_4_Handler
                0x000002dc                TC5_Handler
                0x000002dc                SERCOM2_0_Handler
                0x000002dc                AES_Handler
                0x000002dc                ICM_Handler
 *fill*         0x000002de        0x2 
 .text.Reset_Handler
                0x000002e0       0x98 Device_Startup/startup_samd51.o
                0x000002e0                Reset_Handler
 .text.EXTERNAL_IRQ_0_init
                0x00000378       0x70 driver_init.o
                0x00000378                EXTERNAL_IRQ_0_init
 .text.SPI_0_PORT_init
                0x000003e8       0xac driver_init.o
                0x000003e8                SPI_0_PORT_init
 .text.SPI_0_CLOCK_init
                0x00000494       0x24 driver_init.o
                0x00000494                SPI_0_CLOCK_init
 .text.SPI_0_init
                0x000004b8       0x28 driver_init.o
                0x000004b8                SPI_0_init
 .text.USART_0_PORT_init
                0x000004e0       0x48 driver_init.o
                0x000004e0                USART_0_PORT_init
 .text.USART_0_CLOCK_init
                0x00000528       0x24 driver_init.o
                0x00000528                USART_0_CLOCK_init
 .text.USART_0_init
                0x0000054c       0x28 driver_init.o
                0x0000054c                USART_0_init
 .text.delay_driver_init
                0x00000574       0x14 driver_init.o
                0x00000574                delay_driver_init
 .text.system_init
                0x00000588      0x138 driver_init.o
                0x00000588                system_init
 .text.atomic_enter_critical
                0x000006c0        0xe hal/src/hal_atomic.o
                0x000006c0                atomic_enter_critical
 .text.atomic_leave_critical
                0x000006ce        0xc hal/src/hal_atomic.o
                0x000006ce                atomic_leave_critical
 *fill*         0x000006da        0x2 
 .text.delay_init
                0x000006dc       0x14 hal/src/hal_delay.o
                0x000006dc                delay_init
 .text.delay_ms
                0x000006f0       0x20 hal/src/hal_delay.o
                0x000006f0                delay_ms
 .text.process_ext_irq
                0x00000710       0x38 hal/src/hal_ext_irq.o
 .text.ext_irq_init
                0x00000748       0x24 hal/src/hal_ext_irq.o
                0x00000748                ext_irq_init
 .text.ext_irq_register
                0x0000076c       0x40 hal/src/hal_ext_irq.o
                0x0000076c                ext_irq_register
 .text.io_write
                0x000007ac       0x30 hal/src/hal_io.o
                0x000007ac                io_write
 .text.spi_m_sync_init
                0x000007dc       0x50 hal/src/hal_spi_m_sync.o
                0x000007dc                spi_m_sync_init
 .text.spi_m_sync_enable
                0x0000082c       0x28 hal/src/hal_spi_m_sync.o
                0x0000082c                spi_m_sync_enable
 .text.spi_m_sync_transfer
                0x00000854       0x40 hal/src/hal_spi_m_sync.o
                0x00000854                spi_m_sync_transfer
 .text._spi_m_sync_io_write
                0x00000894       0x3c hal/src/hal_spi_m_sync.o
 .text._spi_m_sync_io_read
                0x000008d0       0x3c hal/src/hal_spi_m_sync.o
 .text.spi_m_sync_get_io_descriptor
                0x0000090c       0x2c hal/src/hal_spi_m_sync.o
                0x0000090c                spi_m_sync_get_io_descriptor
 .text.timer_add_timer_task
                0x00000938       0x58 hal/src/hal_timer.o
 .text.timer_process_counted
                0x00000990       0x80 hal/src/hal_timer.o
 .text.timer_init
                0x00000a10       0x3c hal/src/hal_timer.o
                0x00000a10                timer_init
 .text.timer_start
                0x00000a4c       0x3c hal/src/hal_timer.o
                0x00000a4c                timer_start
 .text.timer_add_task
                0x00000a88       0xa8 hal/src/hal_timer.o
                0x00000a88                timer_add_task
 .text.usart_sync_write
                0x00000b30       0x74 hal/src/hal_usart_sync.o
 .text.usart_sync_read
                0x00000ba4       0x60 hal/src/hal_usart_sync.o
 .text.usart_sync_init
                0x00000c04       0x48 hal/src/hal_usart_sync.o
                0x00000c04                usart_sync_init
 .text.usart_sync_enable
                0x00000c4c       0x2c hal/src/hal_usart_sync.o
                0x00000c4c                usart_sync_enable
 .text.usart_sync_get_io_descriptor
                0x00000c78       0x28 hal/src/hal_usart_sync.o
                0x00000c78                usart_sync_get_io_descriptor
 .text.assert   0x00000ca0        0x6 hal/utils/src/utils_assert.o
                0x00000ca0                assert
 .text.is_list_element
                0x00000ca6       0x20 hal/utils/src/utils_list.o
                0x00000ca6                is_list_element
 *fill*         0x00000cc6        0x2 
 .text.list_insert_as_head
                0x00000cc8       0x2c hal/utils/src/utils_list.o
                0x00000cc8                list_insert_as_head
 .text.list_insert_after
                0x00000cf4        0x8 hal/utils/src/utils_list.o
                0x00000cf4                list_insert_after
 .text.list_remove_head
                0x00000cfc        0xc hal/utils/src/utils_list.o
                0x00000cfc                list_remove_head
 .text._irq_set
                0x00000d08       0x1c hpl/core/hpl_core_m4.o
                0x00000d08                _irq_set
 .text._get_cycles_for_ms
                0x00000d24        0xa hpl/core/hpl_core_m4.o
                0x00000d24                _get_cycles_for_ms
 *fill*         0x00000d2e        0x2 
 .text._init_chip
                0x00000d30       0x40 hpl/core/hpl_init.o
                0x00000d30                _init_chip
 .text._ext_irq_init
                0x00000d70       0xb8 hpl/eic/hpl_eic.o
                0x00000d70                _ext_irq_init
 .text._ext_irq_enable
                0x00000e28       0x28 hpl/eic/hpl_eic.o
                0x00000e28                _ext_irq_enable
 .text.EIC_0_Handler
                0x00000e50       0xdc hpl/eic/hpl_eic.o
                0x00000e50                EIC_0_Handler
 .text._gclk_init_generators_by_fref
                0x00000f2c       0x40 hpl/gclk/hpl_gclk.o
                0x00000f2c                _gclk_init_generators_by_fref
 .text._mclk_init
                0x00000f6c        0xc hpl/mclk/hpl_mclk.o
                0x00000f6c                _mclk_init
 .text._osc32kctrl_init_sources
                0x00000f78       0x20 hpl/osc32kctrl/hpl_osc32kctrl.o
                0x00000f78                _osc32kctrl_init_sources
 .text._oscctrl_init_sources
                0x00000f98        0x2 hpl/oscctrl/hpl_oscctrl.o
                0x00000f98                _oscctrl_init_sources
 *fill*         0x00000f9a        0x2 
 .text._oscctrl_init_referenced_generators
                0x00000f9c       0xe8 hpl/oscctrl/hpl_oscctrl.o
                0x00000f9c                _oscctrl_init_referenced_generators
 .text.RAMECC_Handler
                0x00001084       0x44 hpl/ramecc/hpl_ramecc.o
                0x00001084                RAMECC_Handler
 .text._sercom_get_hardware_index
                0x000010c8       0x44 hpl/sercom/hpl_sercom.o
 .text._spi_sync_enable
                0x0000110c       0x22 hpl/sercom/hpl_sercom.o
 *fill*         0x0000112e        0x2 
 .text._usart_init
                0x00001130       0xa0 hpl/sercom/hpl_sercom.o
 .text._usart_sync_init
                0x000011d0       0x2c hpl/sercom/hpl_sercom.o
                0x000011d0                _usart_sync_init
 .text._usart_sync_enable
                0x000011fc       0x14 hpl/sercom/hpl_sercom.o
                0x000011fc                _usart_sync_enable
 .text._usart_sync_write_byte
                0x00001210        0x6 hpl/sercom/hpl_sercom.o
                0x00001210                _usart_sync_write_byte
 .text._usart_sync_read_byte
                0x00001216        0x8 hpl/sercom/hpl_sercom.o
                0x00001216                _usart_sync_read_byte
 .text._usart_sync_is_ready_to_send
                0x0000121e        0xa hpl/sercom/hpl_sercom.o
                0x0000121e                _usart_sync_is_ready_to_send
 .text._usart_sync_is_transmit_done
                0x00001228        0xa hpl/sercom/hpl_sercom.o
                0x00001228                _usart_sync_is_transmit_done
 .text._usart_sync_is_byte_received
                0x00001232        0xa hpl/sercom/hpl_sercom.o
                0x00001232                _usart_sync_is_byte_received
 .text._spi_m_sync_init
                0x0000123c       0xf4 hpl/sercom/hpl_sercom.o
                0x0000123c                _spi_m_sync_init
 .text._spi_m_sync_enable
                0x00001330       0x30 hpl/sercom/hpl_sercom.o
                0x00001330                _spi_m_sync_enable
 .text._spi_m_sync_trans
                0x00001360       0xe0 hpl/sercom/hpl_sercom.o
                0x00001360                _spi_m_sync_trans
 .text._delay_init
                0x00001440       0x14 hpl/systick/hpl_systick.o
                0x00001440                _delay_init
 .text._delay_cycles
                0x00001454       0x5c hpl/systick/hpl_systick.o
                0x00001454                _delay_cycles
 .text.get_tc_index
                0x000014b0       0x5c hpl/tc/hpl_tc.o
 .text._timer_init
                0x0000150c      0x1a8 hpl/tc/hpl_tc.o
                0x0000150c                _timer_init
 .text._timer_start
                0x000016b4       0x14 hpl/tc/hpl_tc.o
                0x000016b4                _timer_start
 .text._timer_is_started
                0x000016c8       0x12 hpl/tc/hpl_tc.o
                0x000016c8                _timer_is_started
 .text._tc_get_timer
                0x000016da        0x4 hpl/tc/hpl_tc.o
                0x000016da                _tc_get_timer
 *fill*         0x000016de        0x2 
 .text._timer_set_irq
                0x000016e0       0x40 hpl/tc/hpl_tc.o
                0x000016e0                _timer_set_irq
 .text.TC7_Handler
                0x00001720       0x20 hpl/tc/hpl_tc.o
                0x00001720                TC7_Handler
 .text.TIMER_0_task1_cb
                0x00001740        0x2 main.o
 *fill*         0x00001742        0x2 
 .text.USART_init
                0x00001744       0x24 main.o
                0x00001744                USART_init
 .text.Timer_init
                0x00001768       0x34 main.o
                0x00001768                Timer_init
 .text.main     0x0000179c       0x74 main.o
                0x0000179c                main
 .text.DIO1_IRQ
                0x00001810       0x60 SX1262 Drivers/device_specific_implementation.o
                0x00001810                DIO1_IRQ
 .text.read_pin
                0x00001870       0x48 SX1262 Drivers/device_specific_implementation.o
                0x00001870                read_pin
 .text.write_pin
                0x000018b8       0x2a SX1262 Drivers/device_specific_implementation.o
                0x000018b8                write_pin
 *fill*         0x000018e2        0x2 
 .text.SPI_init
                0x000018e4       0x2c SX1262 Drivers/device_specific_implementation.o
                0x000018e4                SPI_init
 .text.SendSpi  0x00001910       0x18 SX1262 Drivers/device_specific_implementation.o
                0x00001910                SendSpi
 .text.ReadSpi  0x00001928       0x40 SX1262 Drivers/device_specific_implementation.o
                0x00001928                ReadSpi
 .text.IRQ_Init
                0x00001968       0x14 SX1262 Drivers/device_specific_implementation.o
                0x00001968                IRQ_Init
 .text.SX126x_SetStandby
                0x0000197c       0x34 SX1262 Drivers/sx126x_commands.o
                0x0000197c                SX126x_SetStandby
 .text.SX126x_SetDio2AsRfSwitchCtrl
                0x000019b0       0x1c SX1262 Drivers/sx126x_commands.o
                0x000019b0                SX126x_SetDio2AsRfSwitchCtrl
 .text.SX126x_SetPacketType
                0x000019cc       0x24 SX1262 Drivers/sx126x_commands.o
                0x000019cc                SX126x_SetPacketType
 .text.SX126x_Init
                0x000019f0       0x7c SX1262 Drivers/sx126x_commands.o
                0x000019f0                SX126x_Init
 .text.SX126x_SetCrcSeed
                0x00001a6c       0x30 SX1262 Drivers/sx126x_commands.o
                0x00001a6c                SX126x_SetCrcSeed
 .text.SX126x_SetCrcPolynomial
                0x00001a9c       0x30 SX1262 Drivers/sx126x_commands.o
                0x00001a9c                SX126x_SetCrcPolynomial
 .text.SX126x_SetRx
                0x00001acc       0x34 SX1262 Drivers/sx126x_commands.o
                0x00001acc                SX126x_SetRx
 .text.SX126x_CalibrateImage
                0x00001b00       0x90 SX1262 Drivers/sx126x_commands.o
                0x00001b00                SX126x_CalibrateImage
 .text.SX126x_SetDioIrqParams
                0x00001b90       0x40 SX1262 Drivers/sx126x_commands.o
                0x00001b90                SX126x_SetDioIrqParams
 .text.SX126x_SetRfFrequency
                0x00001bd0       0x78 SX1262 Drivers/sx126x_commands.o
                0x00001bd0                SX126x_SetRfFrequency
 .text.SX126x_SetModulationParams
                0x00001c48      0x130 SX1262 Drivers/sx126x_commands.o
                0x00001c48                SX126x_SetModulationParams
 .text.SX126x_SetPacketParams
                0x00001d78       0xe0 SX1262 Drivers/sx126x_commands.o
                0x00001d78                SX126x_SetPacketParams
 .text.SX126x_SetBufferBaseAddresses
                0x00001e58       0x20 SX1262 Drivers/sx126x_commands.o
                0x00001e58                SX126x_SetBufferBaseAddresses
 .text.SX126x_GetRxBufferStatus
                0x00001e78       0x5c SX1262 Drivers/sx126x_commands.o
                0x00001e78                SX126x_GetRxBufferStatus
 .text.SX126x_GetPayload
                0x00001ed4       0x40 SX1262 Drivers/sx126x_commands.o
                0x00001ed4                SX126x_GetPayload
 .text.SX126x_ClearIrqStatus
                0x00001f14       0x24 SX1262 Drivers/sx126x_commands.o
                0x00001f14                SX126x_ClearIrqStatus
 .text.set_rx   0x00001f38       0x80 SX1262 Drivers/sx126x_commands.o
                0x00001f38                set_rx
 .text.SX126xHal_SpiInit
                0x00001fb8       0x24 SX1262 Drivers/sx126x_hal.o
                0x00001fb8                SX126xHal_SpiInit
 .text.SX126xHal_IoIrqInit
                0x00001fdc        0xc SX1262 Drivers/sx126x_hal.o
                0x00001fdc                SX126xHal_IoIrqInit
 .text.SX126xHal_Reset
                0x00001fe8       0x40 SX1262 Drivers/sx126x_hal.o
                0x00001fe8                SX126xHal_Reset
 .text.SX126xHal_Wakeup
                0x00002028       0x54 SX1262 Drivers/sx126x_hal.o
                0x00002028                SX126xHal_Wakeup
 .text.SX126xHal_WriteCommand
                0x0000207c       0x48 SX1262 Drivers/sx126x_hal.o
                0x0000207c                SX126xHal_WriteCommand
 .text.SX126xHal_ReadCommand
                0x000020c4       0x64 SX1262 Drivers/sx126x_hal.o
                0x000020c4                SX126xHal_ReadCommand
 .text.SX126xHal_WriteRegister
                0x00002128       0x68 SX1262 Drivers/sx126x_hal.o
                0x00002128                SX126xHal_WriteRegister
 .text.SX126xHal_WriteReg
                0x00002190       0x10 SX1262 Drivers/sx126x_hal.o
                0x00002190                SX126xHal_WriteReg
 .text.SX126xHal_ReadRegister
                0x000021a0       0x7c SX1262 Drivers/sx126x_hal.o
                0x000021a0                SX126xHal_ReadRegister
 .text.SX126xHal_ReadReg
                0x0000221c       0x10 SX1262 Drivers/sx126x_hal.o
                0x0000221c                SX126xHal_ReadReg
 .text.SX126xHal_ReadBuffer
                0x0000222c       0x68 SX1262 Drivers/sx126x_hal.o
                0x0000222c                SX126xHal_ReadBuffer
 .text.SX126xHal_AntSwOn
                0x00002294        0x2 SX1262 Drivers/sx126x_hal.o
                0x00002294                SX126xHal_AntSwOn
 *fill*         0x00002296        0x2 
 .text          0x00002298      0x370 c:/program files (x86)/atmel/studio/7.0/toolchain/arm/arm-gnu-toolchain/bin/../lib/gcc/arm-none-eabi/6.3.1/thumb/v7e-m\libgcc.a(_arm_addsubdf3.o)
                0x00002298                __aeabi_drsub
                0x000022a0                __aeabi_dsub
                0x000022a0                __subdf3
                0x000022a4                __aeabi_dadd
                0x000022a4                __adddf3
                0x0000251c                __floatunsidf
                0x0000251c                __aeabi_ui2d
                0x0000253c                __floatsidf
                0x0000253c                __aeabi_i2d
                0x00002560                __aeabi_f2d
                0x00002560                __extendsfdf2
                0x0000259c                __floatundidf
                0x0000259c                __aeabi_ul2d
                0x000025ac                __floatdidf
                0x000025ac                __aeabi_l2d
 .text          0x00002608      0x424 c:/program files (x86)/atmel/studio/7.0/toolchain/arm/arm-gnu-toolchain/bin/../lib/gcc/arm-none-eabi/6.3.1/thumb/v7e-m\libgcc.a(_arm_muldivdf3.o)
                0x00002608                __aeabi_dmul
                0x00002608                __muldf3
                0x0000285c                __divdf3
                0x0000285c                __aeabi_ddiv
 .text          0x00002a2c       0x40 c:/program files (x86)/atmel/studio/7.0/toolchain/arm/arm-gnu-toolchain/bin/../lib/gcc/arm-none-eabi/6.3.1/thumb/v7e-m\libgcc.a(_arm_fixunsdfsi.o)
                0x00002a2c                __aeabi_d2uiz
                0x00002a2c                __fixunsdfsi
 .text.__libc_init_array
                0x00002a6c       0x48 c:/program files (x86)/atmel/studio/7.0/toolchain/arm/arm-gnu-toolchain/bin/../lib/gcc/arm-none-eabi/6.3.1/../../../../arm-none-eabi/lib/thumb/v7e-m\libc_nano.a(lib_a-init.o)
                0x00002a6c                __libc_init_array
 *(.glue_7t)
 .glue_7t       0x00002ab4        0x0 linker stubs
 *(.glue_7)
 .glue_7        0x00002ab4        0x0 linker stubs
 *(.rodata .rodata* .gnu.linkonce.r.*)
 .rodata.str1.4
                0x00002ab4       0x14 hal/src/hal_io.o
 .rodata.str1.4
                0x00002ac8       0x1c hal/src/hal_spi_m_sync.o
 .rodata.str1.4
                0x00002ae4       0x17 hal/src/hal_timer.o
 *fill*         0x00002afb        0x1 
 .rodata.str1.4
                0x00002afc       0x1c hal/src/hal_usart_sync.o
 .rodata.str1.4
                0x00002b18       0x1e hal/utils/src/utils_list.o
 *fill*         0x00002b36        0x2 
 .rodata        0x00002b38        0x8 hpl/eic/hpl_eic.o
 .rodata.str1.4
                0x00002b40       0x15 hpl/eic/hpl_eic.o
 *fill*         0x00002b55        0x3 
 .rodata        0x00002b58       0x38 hpl/sercom/hpl_sercom.o
 .rodata.str1.4
                0x00002b90       0x1b hpl/sercom/hpl_sercom.o
 *fill*         0x00002bab        0x1 
 .rodata        0x00002bac       0x34 hpl/tc/hpl_tc.o
 .rodata.str1.4
                0x00002be0       0x14 hpl/tc/hpl_tc.o
                                 0x13 (size before relaxing)
 .rodata        0x00002bf4        0xb SX1262 Drivers/device_specific_implementation.o
 *(.ARM.extab* .gnu.linkonce.armextab.*)
                0x00002c00                . = ALIGN (0x4)
 *fill*         0x00002bff        0x1 
 *(.init)
 .init          0x00002c00        0x4 c:/program files (x86)/atmel/studio/7.0/toolchain/arm/arm-gnu-toolchain/bin/../lib/gcc/arm-none-eabi/6.3.1/thumb/v7e-m/crti.o
                0x00002c00                _init
 .init          0x00002c04        0x8 c:/program files (x86)/atmel/studio/7.0/toolchain/arm/arm-gnu-toolchain/bin/../lib/gcc/arm-none-eabi/6.3.1/thumb/v7e-m/crtn.o
                0x00002c0c                . = ALIGN (0x4)
                0x00002c0c                __preinit_array_start = .
 *(.preinit_array)
                0x00002c0c                __preinit_array_end = .
                0x00002c0c                . = ALIGN (0x4)
                0x00002c0c                __init_array_start = .
 *(SORT(.init_array.*))
 *(.init_array)
 .init_array    0x00002c0c        0x4 c:/program files (x86)/atmel/studio/7.0/toolchain/arm/arm-gnu-toolchain/bin/../lib/gcc/arm-none-eabi/6.3.1/thumb/v7e-m/crtbegin.o
                0x00002c10                __init_array_end = .
                0x00002c10                . = ALIGN (0x4)
 *crtbegin.o(.ctors)
 *(EXCLUDE_FILE(*crtend.o) .ctors)
 *(SORT(.ctors.*))
 *crtend.o(.ctors)
                0x00002c10                . = ALIGN (0x4)
 *(.fini)
 .fini          0x00002c10        0x4 c:/program files (x86)/atmel/studio/7.0/toolchain/arm/arm-gnu-toolchain/bin/../lib/gcc/arm-none-eabi/6.3.1/thumb/v7e-m/crti.o
                0x00002c10                _fini
 .fini          0x00002c14        0x8 c:/program files (x86)/atmel/studio/7.0/toolchain/arm/arm-gnu-toolchain/bin/../lib/gcc/arm-none-eabi/6.3.1/thumb/v7e-m/crtn.o
                0x00002c1c                . = ALIGN (0x4)
                0x00002c1c                __fini_array_start = .
 *(.fini_array)
 .fini_array    0x00002c1c        0x4 c:/program files (x86)/atmel/studio/7.0/toolchain/arm/arm-gnu-toolchain/bin/../lib/gcc/arm-none-eabi/6.3.1/thumb/v7e-m/crtbegin.o
 *(SORT(.fini_array.*))
                0x00002c20                __fini_array_end = .
 *crtbegin.o(.dtors)
 *(EXCLUDE_FILE(*crtend.o) .dtors)
 *(SORT(.dtors.*))
 *crtend.o(.dtors)
                0x00002c20                . = ALIGN (0x4)
                0x00002c20                _efixed = .
                [!provide]                PROVIDE (__exidx_start, .)

.vfp11_veneer   0x00002c20        0x0
 .vfp11_veneer  0x00002c20        0x0 linker stubs

.v4_bx          0x00002c20        0x0
 .v4_bx         0x00002c20        0x0 linker stubs

.iplt           0x00002c20        0x0
 .iplt          0x00002c20        0x0 c:/program files (x86)/atmel/studio/7.0/toolchain/arm/arm-gnu-toolchain/bin/../lib/gcc/arm-none-eabi/6.3.1/thumb/v7e-m/crtbegin.o

.eh_frame       0x00002c20        0x0
 .eh_frame      0x00002c20        0x0 c:/program files (x86)/atmel/studio/7.0/toolchain/arm/arm-gnu-toolchain/bin/../lib/gcc/arm-none-eabi/6.3.1/thumb/v7e-m/crtbegin.o

.rel.dyn        0x00002c20        0x0
 .rel.iplt      0x00002c20        0x0 c:/program files (x86)/atmel/studio/7.0/toolchain/arm/arm-gnu-toolchain/bin/../lib/gcc/arm-none-eabi/6.3.1/thumb/v7e-m/crtbegin.o

.jcr            0x00002c20        0x0
 .jcr           0x00002c20        0x0 c:/program files (x86)/atmel/studio/7.0/toolchain/arm/arm-gnu-toolchain/bin/../lib/gcc/arm-none-eabi/6.3.1/thumb/v7e-m/crtbegin.o

.igot.plt       0x00002c20        0x0
 .igot.plt      0x00002c20        0x0 c:/program files (x86)/atmel/studio/7.0/toolchain/arm/arm-gnu-toolchain/bin/../lib/gcc/arm-none-eabi/6.3.1/thumb/v7e-m/crtbegin.o

.ARM.exidx
 *(.ARM.exidx* .gnu.linkonce.armexidx.*)
                [!provide]                PROVIDE (__exidx_end, .)
                0x00002c20                . = ALIGN (0x4)
                0x00002c20                _etext = .

.relocate       0x20000000       0x10 load address 0x00002c20
                0x20000000                . = ALIGN (0x4)
                0x20000000                _srelocate = .
 *(.ramfunc .ramfunc.*)
 *(.data .data.*)
 .data          0x20000000        0xd main.o
                0x20000000                welcome_USART
                0x20000010                . = ALIGN (0x4)
 *fill*         0x2000000d        0x3 
                0x20000010                _erelocate = .

.bkupram        0x47000000        0x0
                0x47000000                . = ALIGN (0x8)
                0x47000000                _sbkupram = .
 *(.bkupram .bkupram.*)
                0x47000000                . = ALIGN (0x8)
                0x47000000                _ebkupram = .

.qspi           0x04000000        0x0
                0x04000000                . = ALIGN (0x8)
                0x04000000                _sqspi = .
 *(.qspi .qspi.*)
                0x04000000                . = ALIGN (0x8)
                0x04000000                _eqspi = .

.bss            0x20000010       0xb0 load address 0x00002c30
                0x20000010                . = ALIGN (0x4)
                0x20000010                _sbss = .
                0x20000010                _szero = .
 *(.bss .bss.*)
 .bss           0x20000010       0x1c c:/program files (x86)/atmel/studio/7.0/toolchain/arm/arm-gnu-toolchain/bin/../lib/gcc/arm-none-eabi/6.3.1/thumb/v7e-m/crtbegin.o
 .bss           0x2000002c        0x4 hal/src/hal_delay.o
 .bss           0x20000030        0x8 hal/src/hal_ext_irq.o
 .bss           0x20000038        0x4 hpl/eic/hpl_eic.o
 .bss           0x2000003c        0x4 hpl/tc/hpl_tc.o
 .bss           0x20000040        0x8 SX1262 Drivers/sx126x_commands.o
                0x20000044                FrequencyError
 *(COMMON)
 COMMON         0x20000048       0x40 driver_init.o
                0x20000048                SPI_0
                0x20000060                USART_0
                0x2000006c                TIMER_0
 COMMON         0x20000088       0x10 hpl/ramecc/hpl_ramecc.o
                0x20000088                device
 COMMON         0x20000098       0x21 main.o
                0x20000098                OperatingMode
                0x2000009c                usart
                0x200000a0                PacketType
                0x200000a4                TIMER_0_task1
                0x200000b8                commands
 *fill*         0x200000b9        0x3 
 COMMON         0x200000bc        0x4 SX1262 Drivers/device_specific_implementation.o
                0x200000bc                spi
                0x200000c0                . = ALIGN (0x4)
                0x200000c0                _ebss = .
                0x200000c0                _ezero = .

.stack          0x200000c0    0x10000 load address 0x00002ce0
                0x200000c0                . = ALIGN (0x8)
                0x200000c0                _sstack = .
                0x200100c0                . = (. + STACK_SIZE)
 *fill*         0x200000c0    0x10000 
                0x200100c0                . = ALIGN (0x8)
                0x200100c0                _estack = .
                0x200100c0                . = ALIGN (0x4)
                0x200100c0                _end = .
OUTPUT(Ping Pong Example.elf elf32-littlearm)

.ARM.attributes
                0x00000000       0x2e
 .ARM.attributes
                0x00000000       0x1e c:/program files (x86)/atmel/studio/7.0/toolchain/arm/arm-gnu-toolchain/bin/../lib/gcc/arm-none-eabi/6.3.1/thumb/v7e-m/crti.o
 .ARM.attributes
                0x0000001e       0x2e c:/program files (x86)/atmel/studio/7.0/toolchain/arm/arm-gnu-toolchain/bin/../lib/gcc/arm-none-eabi/6.3.1/thumb/v7e-m/crtbegin.o
 .ARM.attributes
                0x0000004c       0x37 atmel_start.o
 .ARM.attributes
                0x00000083       0x37 Device_Startup/startup_samd51.o
 .ARM.attributes
                0x000000ba       0x37 driver_init.o
 .ARM.attributes
                0x000000f1       0x37 hal/src/hal_atomic.o
 .ARM.attributes
                0x00000128       0x37 hal/src/hal_delay.o
 .ARM.attributes
                0x0000015f       0x37 hal/src/hal_ext_irq.o
 .ARM.attributes
                0x00000196       0x37 hal/src/hal_io.o
 .ARM.attributes
                0x000001cd       0x37 hal/src/hal_spi_m_sync.o
 .ARM.attributes
                0x00000204       0x37 hal/src/hal_timer.o
 .ARM.attributes
                0x0000023b       0x37 hal/src/hal_usart_sync.o
 .ARM.attributes
                0x00000272       0x37 hal/utils/src/utils_assert.o
 .ARM.attributes
                0x000002a9       0x37 hal/utils/src/utils_list.o
 .ARM.attributes
                0x000002e0       0x37 hpl/core/hpl_core_m4.o
 .ARM.attributes
                0x00000317       0x37 hpl/core/hpl_init.o
 .ARM.attributes
                0x0000034e       0x37 hpl/eic/hpl_eic.o
 .ARM.attributes
                0x00000385       0x37 hpl/gclk/hpl_gclk.o
 .ARM.attributes
                0x000003bc       0x37 hpl/mclk/hpl_mclk.o
 .ARM.attributes
                0x000003f3       0x37 hpl/osc32kctrl/hpl_osc32kctrl.o
 .ARM.attributes
                0x0000042a       0x37 hpl/oscctrl/hpl_oscctrl.o
 .ARM.attributes
                0x00000461       0x37 hpl/ramecc/hpl_ramecc.o
 .ARM.attributes
                0x00000498       0x37 hpl/sercom/hpl_sercom.o
 .ARM.attributes
                0x000004cf       0x37 hpl/systick/hpl_systick.o
 .ARM.attributes
                0x00000506       0x37 hpl/tc/hpl_tc.o
 .ARM.attributes
                0x0000053d       0x37 main.o
 .ARM.attributes
                0x00000574       0x37 SX1262 Drivers/device_specific_implementation.o
 .ARM.attributes
                0x000005ab       0x37 SX1262 Drivers/sx126x_commands.o
 .ARM.attributes
                0x000005e2       0x37 SX1262 Drivers/sx126x_hal.o
 .ARM.attributes
                0x00000619       0x1e c:/program files (x86)/atmel/studio/7.0/toolchain/arm/arm-gnu-toolchain/bin/../lib/gcc/arm-none-eabi/6.3.1/thumb/v7e-m\libgcc.a(_arm_addsubdf3.o)
 .ARM.attributes
                0x00000637       0x1e c:/program files (x86)/atmel/studio/7.0/toolchain/arm/arm-gnu-toolchain/bin/../lib/gcc/arm-none-eabi/6.3.1/thumb/v7e-m\libgcc.a(_arm_muldivdf3.o)
 .ARM.attributes
                0x00000655       0x1e c:/program files (x86)/atmel/studio/7.0/toolchain/arm/arm-gnu-toolchain/bin/../lib/gcc/arm-none-eabi/6.3.1/thumb/v7e-m\libgcc.a(_arm_fixunsdfsi.o)
 .ARM.attributes
                0x00000673       0x2e c:/program files (x86)/atmel/studio/7.0/toolchain/arm/arm-gnu-toolchain/bin/../lib/gcc/arm-none-eabi/6.3.1/../../../../arm-none-eabi/lib/thumb/v7e-m\libc_nano.a(lib_a-init.o)
 .ARM.attributes
                0x000006a1       0x1e c:/program files (x86)/atmel/studio/7.0/toolchain/arm/arm-gnu-toolchain/bin/../lib/gcc/arm-none-eabi/6.3.1/thumb/v7e-m/crtn.o

.comment        0x00000000       0x59
 .comment       0x00000000       0x59 atmel_start.o
                                 0x5a (size before relaxing)
 .comment       0x00000059       0x5a Device_Startup/startup_samd51.o
 .comment       0x00000059       0x5a driver_init.o
 .comment       0x00000059       0x5a hal/src/hal_atomic.o
 .comment       0x00000059       0x5a hal/src/hal_delay.o
 .comment       0x00000059       0x5a hal/src/hal_ext_irq.o
 .comment       0x00000059       0x5a hal/src/hal_io.o
 .comment       0x00000059       0x5a hal/src/hal_spi_m_sync.o
 .comment       0x00000059       0x5a hal/src/hal_timer.o
 .comment       0x00000059       0x5a hal/src/hal_usart_sync.o
 .comment       0x00000059       0x5a hal/utils/src/utils_assert.o
 .comment       0x00000059       0x5a hal/utils/src/utils_list.o
 .comment       0x00000059       0x5a hpl/core/hpl_core_m4.o
 .comment       0x00000059       0x5a hpl/core/hpl_init.o
 .comment       0x00000059       0x5a hpl/eic/hpl_eic.o
 .comment       0x00000059       0x5a hpl/gclk/hpl_gclk.o
 .comment       0x00000059       0x5a hpl/mclk/hpl_mclk.o
 .comment       0x00000059       0x5a hpl/osc32kctrl/hpl_osc32kctrl.o
 .comment       0x00000059       0x5a hpl/oscctrl/hpl_oscctrl.o
 .comment       0x00000059       0x5a hpl/ramecc/hpl_ramecc.o
 .comment       0x00000059       0x5a hpl/sercom/hpl_sercom.o
 .comment       0x00000059       0x5a hpl/systick/hpl_systick.o
 .comment       0x00000059       0x5a hpl/tc/hpl_tc.o
 .comment       0x00000059       0x5a main.o
 .comment       0x00000059       0x5a SX1262 Drivers/device_specific_implementation.o
 .comment       0x00000059       0x5a SX1262 Drivers/sx126x_commands.o
 .comment       0x00000059       0x5a SX1262 Drivers/sx126x_hal.o

.debug_info     0x00000000    0x25e75
 .debug_info    0x00000000      0x3f1 atmel_start.o
 .debug_info    0x000003f1      0xd7a Device_Startup/startup_samd51.o
 .debug_info    0x0000116b     0x6668 driver_init.o
 .debug_info    0x000077d3      0x1fa hal/src/hal_atomic.o
 .debug_info    0x000079cd      0x205 hal/src/hal_delay.o
 .debug_info    0x00007bd2      0x37a hal/src/hal_ext_irq.o
 .debug_info    0x00007f4c      0x2c5 hal/src/hal_io.o
 .debug_info    0x00008211      0xa2c hal/src/hal_spi_m_sync.o
 .debug_info    0x00008c3d      0xbe9 hal/src/hal_timer.o
 .debug_info    0x00009826      0xcc9 hal/src/hal_usart_sync.o
 .debug_info    0x0000a4ef      0x130 hal/utils/src/utils_assert.o
 .debug_info    0x0000a61f      0x33a hal/utils/src/utils_list.o
 .debug_info    0x0000a959      0xbd8 hpl/core/hpl_core_m4.o
 .debug_info    0x0000b531      0xbe1 hpl/core/hpl_init.o
 .debug_info    0x0000c112     0x2006 hpl/eic/hpl_eic.o
 .debug_info    0x0000e118      0x68b hpl/gclk/hpl_gclk.o
 .debug_info    0x0000e7a3      0xa0c hpl/mclk/hpl_mclk.o
 .debug_info    0x0000f1af      0x819 hpl/osc32kctrl/hpl_osc32kctrl.o
 .debug_info    0x0000f9c8     0x1a49 hpl/oscctrl/hpl_oscctrl.o
 .debug_info    0x00011411      0xc03 hpl/ramecc/hpl_ramecc.o
 .debug_info    0x00012014     0xba48 hpl/sercom/hpl_sercom.o
 .debug_info    0x0001da5c      0x29f hpl/systick/hpl_systick.o
 .debug_info    0x0001dcfb     0x2bde hpl/tc/hpl_tc.o
 .debug_info    0x000208d9      0x930 main.o
 .debug_info    0x00021209     0x11e8 SX1262 Drivers/device_specific_implementation.o
 .debug_info    0x000223f1     0x2ddb SX1262 Drivers/sx126x_commands.o
 .debug_info    0x000251cc      0xca9 SX1262 Drivers/sx126x_hal.o

.debug_abbrev   0x00000000     0x3f1a
 .debug_abbrev  0x00000000      0x104 atmel_start.o
 .debug_abbrev  0x00000104      0x171 Device_Startup/startup_samd51.o
 .debug_abbrev  0x00000275      0x368 driver_init.o
 .debug_abbrev  0x000005dd      0x155 hal/src/hal_atomic.o
 .debug_abbrev  0x00000732       0xf9 hal/src/hal_delay.o
 .debug_abbrev  0x0000082b      0x18b hal/src/hal_ext_irq.o
 .debug_abbrev  0x000009b6      0x12d hal/src/hal_io.o
 .debug_abbrev  0x00000ae3      0x1c9 hal/src/hal_spi_m_sync.o
 .debug_abbrev  0x00000cac      0x232 hal/src/hal_timer.o
 .debug_abbrev  0x00000ede      0x22f hal/src/hal_usart_sync.o
 .debug_abbrev  0x0000110d       0x9e hal/utils/src/utils_assert.o
 .debug_abbrev  0x000011ab      0x18d hal/utils/src/utils_list.o
 .debug_abbrev  0x00001338      0x2a4 hpl/core/hpl_core_m4.o
 .debug_abbrev  0x000015dc      0x1ea hpl/core/hpl_init.o
 .debug_abbrev  0x000017c6      0x447 hpl/eic/hpl_eic.o
 .debug_abbrev  0x00001c0d      0x1c9 hpl/gclk/hpl_gclk.o
 .debug_abbrev  0x00001dd6      0x1bd hpl/mclk/hpl_mclk.o
 .debug_abbrev  0x00001f93      0x1fc hpl/osc32kctrl/hpl_osc32kctrl.o
 .debug_abbrev  0x0000218f      0x2a4 hpl/oscctrl/hpl_oscctrl.o
 .debug_abbrev  0x00002433      0x2c8 hpl/ramecc/hpl_ramecc.o
 .debug_abbrev  0x000026fb      0x5db hpl/sercom/hpl_sercom.o
 .debug_abbrev  0x00002cd6      0x196 hpl/systick/hpl_systick.o
 .debug_abbrev  0x00002e6c      0x4f9 hpl/tc/hpl_tc.o
 .debug_abbrev  0x00003365      0x207 main.o
 .debug_abbrev  0x0000356c      0x401 SX1262 Drivers/device_specific_implementation.o
 .debug_abbrev  0x0000396d      0x3ed SX1262 Drivers/sx126x_commands.o
 .debug_abbrev  0x00003d5a      0x1c0 SX1262 Drivers/sx126x_hal.o

.debug_loc      0x00000000     0xe438
 .debug_loc     0x00000000       0x20 atmel_start.o
 .debug_loc     0x00000020       0x6b Device_Startup/startup_samd51.o
 .debug_loc     0x0000008b     0x11c1 driver_init.o
 .debug_loc     0x0000124c       0x13 hal/src/hal_atomic.o
 .debug_loc     0x0000125f       0xc3 hal/src/hal_delay.o
 .debug_loc     0x00001322      0x367 hal/src/hal_ext_irq.o
 .debug_loc     0x00001689      0x152 hal/src/hal_io.o
 .debug_loc     0x000017db      0x6c9 hal/src/hal_spi_m_sync.o
 .debug_loc     0x00001ea4      0x691 hal/src/hal_timer.o
 .debug_loc     0x00002535      0x912 hal/src/hal_usart_sync.o
 .debug_loc     0x00002e47      0x29f hal/utils/src/utils_list.o
 .debug_loc     0x000030e6      0x1d7 hpl/core/hpl_core_m4.o
 .debug_loc     0x000032bd       0x4c hpl/core/hpl_init.o
 .debug_loc     0x00003309      0x686 hpl/eic/hpl_eic.o
 .debug_loc     0x0000398f      0x156 hpl/gclk/hpl_gclk.o
 .debug_loc     0x00003ae5       0x2c hpl/mclk/hpl_mclk.o
 .debug_loc     0x00003b11      0x11b hpl/osc32kctrl/hpl_osc32kctrl.o
 .debug_loc     0x00003c2c      0x22f hpl/oscctrl/hpl_oscctrl.o
 .debug_loc     0x00003e5b      0x130 hpl/ramecc/hpl_ramecc.o
 .debug_loc     0x00003f8b     0x7994 hpl/sercom/hpl_sercom.o
 .debug_loc     0x0000b91f      0x160 hpl/systick/hpl_systick.o
 .debug_loc     0x0000ba7f      0xa20 hpl/tc/hpl_tc.o
 .debug_loc     0x0000c49f       0x6c main.o
 .debug_loc     0x0000c50b      0x499 SX1262 Drivers/device_specific_implementation.o
 .debug_loc     0x0000c9a4     0x1554 SX1262 Drivers/sx126x_commands.o
 .debug_loc     0x0000def8      0x540 SX1262 Drivers/sx126x_hal.o

.debug_aranges  0x00000000      0xd70
 .debug_aranges
                0x00000000       0x20 atmel_start.o
 .debug_aranges
                0x00000020       0x28 Device_Startup/startup_samd51.o
 .debug_aranges
                0x00000048       0x60 driver_init.o
 .debug_aranges
                0x000000a8       0x30 hal/src/hal_atomic.o
 .debug_aranges
                0x000000d8       0x38 hal/src/hal_delay.o
 .debug_aranges
                0x00000110       0x50 hal/src/hal_ext_irq.o
 .debug_aranges
                0x00000160       0x30 hal/src/hal_io.o
 .debug_aranges
                0x00000190       0x88 hal/src/hal_spi_m_sync.o
 .debug_aranges
                0x00000218       0x70 hal/src/hal_timer.o
 .debug_aranges
                0x00000288       0xa8 hal/src/hal_usart_sync.o
 .debug_aranges
                0x00000330       0x20 hal/utils/src/utils_assert.o
 .debug_aranges
                0x00000350       0x48 hal/utils/src/utils_list.o
 .debug_aranges
                0x00000398       0x70 hpl/core/hpl_core_m4.o
 .debug_aranges
                0x00000408       0x20 hpl/core/hpl_init.o
 .debug_aranges
                0x00000428       0x38 hpl/eic/hpl_eic.o
 .debug_aranges
                0x00000460       0x28 hpl/gclk/hpl_gclk.o
 .debug_aranges
                0x00000488       0x20 hpl/mclk/hpl_mclk.o
 .debug_aranges
                0x000004a8       0x20 hpl/osc32kctrl/hpl_osc32kctrl.o
 .debug_aranges
                0x000004c8       0x28 hpl/oscctrl/hpl_oscctrl.o
 .debug_aranges
                0x000004f0       0x30 hpl/ramecc/hpl_ramecc.o
 .debug_aranges
                0x00000520      0x4d8 hpl/sercom/hpl_sercom.o
 .debug_aranges
                0x000009f8       0x48 hpl/systick/hpl_systick.o
 .debug_aranges
                0x00000a40       0x78 hpl/tc/hpl_tc.o
 .debug_aranges
                0x00000ab8       0x38 main.o
 .debug_aranges
                0x00000af0       0x50 SX1262 Drivers/device_specific_implementation.o
 .debug_aranges
                0x00000b40      0x1a0 SX1262 Drivers/sx126x_commands.o
 .debug_aranges
                0x00000ce0       0x90 SX1262 Drivers/sx126x_hal.o

.debug_ranges   0x00000000     0x1130
 .debug_ranges  0x00000000       0x10 atmel_start.o
 .debug_ranges  0x00000010       0x18 Device_Startup/startup_samd51.o
 .debug_ranges  0x00000028       0x50 driver_init.o
 .debug_ranges  0x00000078       0x20 hal/src/hal_atomic.o
 .debug_ranges  0x00000098       0x28 hal/src/hal_delay.o
 .debug_ranges  0x000000c0       0x40 hal/src/hal_ext_irq.o
 .debug_ranges  0x00000100       0x20 hal/src/hal_io.o
 .debug_ranges  0x00000120       0x78 hal/src/hal_spi_m_sync.o
 .debug_ranges  0x00000198       0xa8 hal/src/hal_timer.o
 .debug_ranges  0x00000240       0x98 hal/src/hal_usart_sync.o
 .debug_ranges  0x000002d8       0x10 hal/utils/src/utils_assert.o
 .debug_ranges  0x000002e8       0x58 hal/utils/src/utils_list.o
 .debug_ranges  0x00000340       0x60 hpl/core/hpl_core_m4.o
 .debug_ranges  0x000003a0       0x10 hpl/core/hpl_init.o
 .debug_ranges  0x000003b0       0x60 hpl/eic/hpl_eic.o
 .debug_ranges  0x00000410       0x18 hpl/gclk/hpl_gclk.o
 .debug_ranges  0x00000428       0x10 hpl/mclk/hpl_mclk.o
 .debug_ranges  0x00000438       0x10 hpl/osc32kctrl/hpl_osc32kctrl.o
 .debug_ranges  0x00000448       0x18 hpl/oscctrl/hpl_oscctrl.o
 .debug_ranges  0x00000460       0x38 hpl/ramecc/hpl_ramecc.o
 .debug_ranges  0x00000498      0x950 hpl/sercom/hpl_sercom.o
 .debug_ranges  0x00000de8       0x38 hpl/systick/hpl_systick.o
 .debug_ranges  0x00000e20       0x98 hpl/tc/hpl_tc.o
 .debug_ranges  0x00000eb8       0x28 main.o
 .debug_ranges  0x00000ee0       0x40 SX1262 Drivers/device_specific_implementation.o
 .debug_ranges  0x00000f20      0x190 SX1262 Drivers/sx126x_commands.o
 .debug_ranges  0x000010b0       0x80 SX1262 Drivers/sx126x_hal.o

.debug_macro    0x00000000    0x2fd70
 .debug_macro   0x00000000      0x7a9 atmel_start.o
 .debug_macro   0x000007a9      0x8b0 atmel_start.o
 .debug_macro   0x00001059      0x16d atmel_start.o
 .debug_macro   0x000011c6       0x22 atmel_start.o
 .debug_macro   0x000011e8       0x87 atmel_start.o
 .debug_macro   0x0000126f       0x51 atmel_start.o
 .debug_macro   0x000012c0       0xef atmel_start.o
 .debug_macro   0x000013af       0x6a atmel_start.o
 .debug_macro   0x00001419      0x1df atmel_start.o
 .debug_macro   0x000015f8       0x22 atmel_start.o
 .debug_macro   0x0000161a       0x54 atmel_start.o
 .debug_macro   0x0000166e       0x1c atmel_start.o
 .debug_macro   0x0000168a       0x22 atmel_start.o
 .debug_macro   0x000016ac       0xdf atmel_start.o
 .debug_macro   0x0000178b     0x102d atmel_start.o
 .debug_macro   0x000027b8      0x11f atmel_start.o
 .debug_macro   0x000028d7      0x706 atmel_start.o
 .debug_macro   0x00002fdd      0xb5b atmel_start.o
 .debug_macro   0x00003b38      0x3c0 atmel_start.o
 .debug_macro   0x00003ef8      0x336 atmel_start.o
 .debug_macro   0x0000422e      0x3b7 atmel_start.o
 .debug_macro   0x000045e5      0x668 atmel_start.o
 .debug_macro   0x00004c4d     0x143f atmel_start.o
 .debug_macro   0x0000608c      0x651 atmel_start.o
 .debug_macro   0x000066dd      0x67b atmel_start.o
 .debug_macro   0x00006d58      0x6d7 atmel_start.o
 .debug_macro   0x0000742f      0x172 atmel_start.o
 .debug_macro   0x000075a1      0x395 atmel_start.o
 .debug_macro   0x00007936       0x3a atmel_start.o
 .debug_macro   0x00007970      0x72a atmel_start.o
 .debug_macro   0x0000809a      0xb12 atmel_start.o
 .debug_macro   0x00008bac      0x59f atmel_start.o
 .debug_macro   0x0000914b      0xbc0 atmel_start.o
 .debug_macro   0x00009d0b      0x9b9 atmel_start.o
 .debug_macro   0x0000a6c4      0x2a3 atmel_start.o
 .debug_macro   0x0000a967      0x877 atmel_start.o
 .debug_macro   0x0000b1de      0x1ea atmel_start.o
 .debug_macro   0x0000b3c8      0x8f4 atmel_start.o
 .debug_macro   0x0000bcbc      0x216 atmel_start.o
 .debug_macro   0x0000bed2      0x3f9 atmel_start.o
 .debug_macro   0x0000c2cb      0x620 atmel_start.o
 .debug_macro   0x0000c8eb      0x10d atmel_start.o
 .debug_macro   0x0000c9f8       0xb8 atmel_start.o
 .debug_macro   0x0000cab0     0x1df7 atmel_start.o
 .debug_macro   0x0000e8a7     0x2e69 atmel_start.o
 .debug_macro   0x00011710     0x11ed atmel_start.o
 .debug_macro   0x000128fd      0x50e atmel_start.o
 .debug_macro   0x00012e0b      0x930 atmel_start.o
 .debug_macro   0x0001373b     0x1ad8 atmel_start.o
 .debug_macro   0x00015213       0xe7 atmel_start.o
 .debug_macro   0x000152fa     0x13e6 atmel_start.o
 .debug_macro   0x000166e0      0x36a atmel_start.o
 .debug_macro   0x00016a4a       0x94 atmel_start.o
 .debug_macro   0x00016ade       0xdc atmel_start.o
 .debug_macro   0x00016bba       0xe2 atmel_start.o
 .debug_macro   0x00016c9c       0xdc atmel_start.o
 .debug_macro   0x00016d78       0x46 atmel_start.o
 .debug_macro   0x00016dbe       0x4c atmel_start.o
 .debug_macro   0x00016e0a       0xc4 atmel_start.o
 .debug_macro   0x00016ece      0x7d5 atmel_start.o
 .debug_macro   0x000176a3       0xb8 atmel_start.o
 .debug_macro   0x0001775b       0x7c atmel_start.o
 .debug_macro   0x000177d7      0xc19 atmel_start.o
 .debug_macro   0x000183f0       0x46 atmel_start.o
 .debug_macro   0x00018436      0x25b atmel_start.o
 .debug_macro   0x00018691      0x170 atmel_start.o
 .debug_macro   0x00018801       0x7c atmel_start.o
 .debug_macro   0x0001887d       0xbe atmel_start.o
 .debug_macro   0x0001893b       0x4c atmel_start.o
 .debug_macro   0x00018987       0x82 atmel_start.o
 .debug_macro   0x00018a09      0x1a3 atmel_start.o
 .debug_macro   0x00018bac       0x46 atmel_start.o
 .debug_macro   0x00018bf2       0x6a atmel_start.o
 .debug_macro   0x00018c5c       0x46 atmel_start.o
 .debug_macro   0x00018ca2       0x88 atmel_start.o
 .debug_macro   0x00018d2a       0x46 atmel_start.o
 .debug_macro   0x00018d70      0x24e atmel_start.o
 .debug_macro   0x00018fbe       0x1c atmel_start.o
 .debug_macro   0x00018fda       0x76 atmel_start.o
 .debug_macro   0x00019050       0x3a atmel_start.o
 .debug_macro   0x0001908a       0x2e atmel_start.o
 .debug_macro   0x000190b8      0x196 atmel_start.o
 .debug_macro   0x0001924e      0x16f atmel_start.o
 .debug_macro   0x000193bd      0x16f atmel_start.o
 .debug_macro   0x0001952c      0x25d atmel_start.o
 .debug_macro   0x00019789      0x25d atmel_start.o
 .debug_macro   0x000199e6      0x25d atmel_start.o
 .debug_macro   0x00019c43      0x25d atmel_start.o
 .debug_macro   0x00019ea0      0x25d atmel_start.o
 .debug_macro   0x0001a0fd      0x25d atmel_start.o
 .debug_macro   0x0001a35a      0x25d atmel_start.o
 .debug_macro   0x0001a5b7      0x25d atmel_start.o
 .debug_macro   0x0001a814       0x52 atmel_start.o
 .debug_macro   0x0001a866       0xfa atmel_start.o
 .debug_macro   0x0001a960       0xfa atmel_start.o
 .debug_macro   0x0001aa5a       0xfa atmel_start.o
 .debug_macro   0x0001ab54       0xfa atmel_start.o
 .debug_macro   0x0001ac4e       0xfa atmel_start.o
 .debug_macro   0x0001ad48       0xfa atmel_start.o
 .debug_macro   0x0001ae42       0xfa atmel_start.o
 .debug_macro   0x0001af3c       0xfa atmel_start.o
 .debug_macro   0x0001b036      0x148 atmel_start.o
 .debug_macro   0x0001b17e      0x124 atmel_start.o
 .debug_macro   0x0001b2a2      0x106 atmel_start.o
 .debug_macro   0x0001b3a8       0xee atmel_start.o
 .debug_macro   0x0001b496       0xee atmel_start.o
 .debug_macro   0x0001b584       0x2e atmel_start.o
 .debug_macro   0x0001b5b2      0x46a atmel_start.o
 .debug_macro   0x0001ba1c       0x3a atmel_start.o
 .debug_macro   0x0001ba56      0x559 atmel_start.o
 .debug_macro   0x0001bfaf     0x4c73 atmel_start.o
 .debug_macro   0x00020c22       0xcf atmel_start.o
 .debug_macro   0x00020cf1       0x10 atmel_start.o
 .debug_macro   0x00020d01       0x10 atmel_start.o
 .debug_macro   0x00020d11       0x16 atmel_start.o
 .debug_macro   0x00020d27       0x16 atmel_start.o
 .debug_macro   0x00020d3d       0x16 atmel_start.o
 .debug_macro   0x00020d53       0x16 atmel_start.o
 .debug_macro   0x00020d69       0x16 atmel_start.o
 .debug_macro   0x00020d7f       0x40 atmel_start.o
 .debug_macro   0x00020dbf       0x16 atmel_start.o
 .debug_macro   0x00020dd5       0x16 atmel_start.o
 .debug_macro   0x00020deb       0x16 atmel_start.o
 .debug_macro   0x00020e01       0x16 atmel_start.o
 .debug_macro   0x00020e17       0x16 atmel_start.o
 .debug_macro   0x00020e2d       0x16 atmel_start.o
 .debug_macro   0x00020e43       0x16 atmel_start.o
 .debug_macro   0x00020e59       0x16 atmel_start.o
 .debug_macro   0x00020e6f       0x16 atmel_start.o
 .debug_macro   0x00020e85       0x16 atmel_start.o
 .debug_macro   0x00020e9b       0x16 atmel_start.o
 .debug_macro   0x00020eb1       0x16 atmel_start.o
 .debug_macro   0x00020ec7       0x16 atmel_start.o
 .debug_macro   0x00020edd       0x16 atmel_start.o
 .debug_macro   0x00020ef3       0x16 atmel_start.o
 .debug_macro   0x00020f09       0x16 atmel_start.o
 .debug_macro   0x00020f1f       0x16 atmel_start.o
 .debug_macro   0x00020f35       0x16 atmel_start.o
 .debug_macro   0x00020f4b       0x16 atmel_start.o
 .debug_macro   0x00020f61       0x16 atmel_start.o
 .debug_macro   0x00020f77      0xe5c atmel_start.o
 .debug_macro   0x00021dd3      0x9b6 atmel_start.o
 .debug_macro   0x00022789       0x94 atmel_start.o
 .debug_macro   0x0002281d       0x16 atmel_start.o
 .debug_macro   0x00022833       0xbe atmel_start.o
 .debug_macro   0x000228f1      0x28c atmel_start.o
 .debug_macro   0x00022b7d       0x16 atmel_start.o
 .debug_macro   0x00022b93      0x4d8 atmel_start.o
 .debug_macro   0x0002306b       0x16 atmel_start.o
 .debug_macro   0x00023081       0xca atmel_start.o
 .debug_macro   0x0002314b       0x1c atmel_start.o
 .debug_macro   0x00023167       0x16 atmel_start.o
 .debug_macro   0x0002317d      0x185 atmel_start.o
 .debug_macro   0x00023302       0x9a atmel_start.o
 .debug_macro   0x0002339c       0xc9 atmel_start.o
 .debug_macro   0x00023465      0x480 Device_Startup/startup_samd51.o
 .debug_macro   0x000238e5       0x4e Device_Startup/startup_samd51.o
 .debug_macro   0x00023933      0x7a7 driver_init.o
 .debug_macro   0x000240da       0x5f driver_init.o
 .debug_macro   0x00024139      0x63b hal/src/hal_atomic.o
 .debug_macro   0x00024774      0x672 hal/src/hal_delay.o
 .debug_macro   0x00024de6      0x657 hal/src/hal_ext_irq.o
 .debug_macro   0x0002543d      0x650 hal/src/hal_io.o
 .debug_macro   0x00025a8d      0x698 hal/src/hal_spi_m_sync.o
 .debug_macro   0x00026125      0x687 hal/src/hal_timer.o
 .debug_macro   0x000267ac      0x67b hal/src/hal_usart_sync.o
 .debug_macro   0x00026e27      0x645 hal/utils/src/utils_assert.o
 .debug_macro   0x0002746c       0x10 hal/utils/src/utils_assert.o
 .debug_macro   0x0002747c      0x64a hal/utils/src/utils_list.o
 .debug_macro   0x00027ac6      0x67a hpl/core/hpl_core_m4.o
 .debug_macro   0x00028140      0x6de hpl/core/hpl_init.o
 .debug_macro   0x0002881e       0x2e hpl/core/hpl_init.o
 .debug_macro   0x0002884c      0xd7b hpl/core/hpl_init.o
 .debug_macro   0x000295c7      0x730 hpl/eic/hpl_eic.o
 .debug_macro   0x00029cf7      0x2e9 hpl/eic/hpl_eic.o
 .debug_macro   0x00029fe0      0x654 hpl/gclk/hpl_gclk.o
 .debug_macro   0x0002a634      0x2f0 hpl/gclk/hpl_gclk.o
 .debug_macro   0x0002a924      0x64f hpl/mclk/hpl_mclk.o
 .debug_macro   0x0002af73      0x64a hpl/osc32kctrl/hpl_osc32kctrl.o
 .debug_macro   0x0002b5bd       0x80 hpl/osc32kctrl/hpl_osc32kctrl.o
 .debug_macro   0x0002b63d      0x654 hpl/oscctrl/hpl_oscctrl.o
 .debug_macro   0x0002bc91      0x216 hpl/oscctrl/hpl_oscctrl.o
 .debug_macro   0x0002bea7      0x665 hpl/ramecc/hpl_ramecc.o
 .debug_macro   0x0002c50c      0x897 hpl/sercom/hpl_sercom.o
 .debug_macro   0x0002cda3       0x70 hpl/sercom/hpl_sercom.o
 .debug_macro   0x0002ce13      0x182 hpl/sercom/hpl_sercom.o
 .debug_macro   0x0002cf95       0x10 hpl/sercom/hpl_sercom.o
 .debug_macro   0x0002cfa5       0x1c hpl/sercom/hpl_sercom.o
 .debug_macro   0x0002cfc1       0x22 hpl/sercom/hpl_sercom.o
 .debug_macro   0x0002cfe3       0x10 hpl/sercom/hpl_sercom.o
 .debug_macro   0x0002cff3      0x64a hpl/systick/hpl_systick.o
 .debug_macro   0x0002d63d       0x10 hpl/systick/hpl_systick.o
 .debug_macro   0x0002d64d      0x6c2 hpl/tc/hpl_tc.o
 .debug_macro   0x0002dd0f       0x10 hpl/tc/hpl_tc.o
 .debug_macro   0x0002dd1f       0x83 hpl/tc/hpl_tc.o
 .debug_macro   0x0002dda2      0x7cc main.o
 .debug_macro   0x0002e56e       0x95 main.o
 .debug_macro   0x0002e603       0x52 main.o
 .debug_macro   0x0002e655      0x6ef SX1262 Drivers/device_specific_implementation.o
 .debug_macro   0x0002ed44       0xa0 SX1262 Drivers/device_specific_implementation.o
 .debug_macro   0x0002ede4      0x7b3 SX1262 Drivers/sx126x_commands.o
 .debug_macro   0x0002f597       0xd9 SX1262 Drivers/sx126x_commands.o
 .debug_macro   0x0002f670      0x700 SX1262 Drivers/sx126x_hal.o

.debug_line     0x00000000    0x179c3
 .debug_line    0x00000000      0xd87 atmel_start.o
 .debug_line    0x00000d87      0x88c Device_Startup/startup_samd51.o
 .debug_line    0x00001613      0xf3f driver_init.o
 .debug_line    0x00002552      0xbb5 hal/src/hal_atomic.o
 .debug_line    0x00003107      0xbe9 hal/src/hal_delay.o
 .debug_line    0x00003cf0      0xc28 hal/src/hal_ext_irq.o
 .debug_line    0x00004918      0xbd5 hal/src/hal_io.o
 .debug_line    0x000054ed      0xd30 hal/src/hal_spi_m_sync.o
 .debug_line    0x0000621d      0xd62 hal/src/hal_timer.o
 .debug_line    0x00006f7f      0xdae hal/src/hal_usart_sync.o
 .debug_line    0x00007d2d      0xb8a hal/utils/src/utils_assert.o
 .debug_line    0x000088b7      0xc1d hal/utils/src/utils_list.o
 .debug_line    0x000094d4      0xcdd hpl/core/hpl_core_m4.o
 .debug_line    0x0000a1b1      0xc9a hpl/core/hpl_init.o
 .debug_line    0x0000ae4b      0xd94 hpl/eic/hpl_eic.o
 .debug_line    0x0000bbdf      0xbef hpl/gclk/hpl_gclk.o
 .debug_line    0x0000c7ce      0xbad hpl/mclk/hpl_mclk.o
 .debug_line    0x0000d37b      0xbce hpl/osc32kctrl/hpl_osc32kctrl.o
 .debug_line    0x0000df49      0xcde hpl/oscctrl/hpl_oscctrl.o
 .debug_line    0x0000ec27      0xc50 hpl/ramecc/hpl_ramecc.o
 .debug_line    0x0000f877     0x2a76 hpl/sercom/hpl_sercom.o
 .debug_line    0x000122ed      0xc1d hpl/systick/hpl_systick.o
 .debug_line    0x00012f0a      0xec1 hpl/tc/hpl_tc.o
 .debug_line    0x00013dcb      0xe1e main.o
 .debug_line    0x00014be9      0xd8b SX1262 Drivers/device_specific_implementation.o
 .debug_line    0x00015974     0x122c SX1262 Drivers/sx126x_commands.o
 .debug_line    0x00016ba0      0xe23 SX1262 Drivers/sx126x_hal.o

.debug_str      0x00000000    0xfea01
 .debug_str     0x00000000    0xeb2f6 atmel_start.o
                              0xeb83f (size before relaxing)
 .debug_str     0x000eb2f6      0xbf2 Device_Startup/startup_samd51.o
                              0xd43e8 (size before relaxing)
 .debug_str     0x000ebee8     0x1645 driver_init.o
                              0xecf76 (size before relaxing)
 .debug_str     0x000ed52d       0x9c hal/src/hal_atomic.o
                              0xe9cf5 (size before relaxing)
 .debug_str     0x000ed5c9       0x92 hal/src/hal_delay.o
                              0xe9d5f (size before relaxing)
 .debug_str     0x000ed65b       0xcc hal/src/hal_ext_irq.o
                              0xe9da8 (size before relaxing)
 .debug_str     0x000ed727       0x3a hal/src/hal_io.o
                              0xe9d90 (size before relaxing)
 .debug_str     0x000ed761      0x2ef hal/src/hal_spi_m_sync.o
                              0xea67d (size before relaxing)
 .debug_str     0x000eda50      0x2cc hal/src/hal_timer.o
                              0xea622 (size before relaxing)
 .debug_str     0x000edd1c      0x4aa hal/src/hal_usart_sync.o
                              0xea830 (size before relaxing)
 .debug_str     0x000ee1c6       0x2a hal/utils/src/utils_assert.o
                              0xe9d05 (size before relaxing)
 .debug_str     0x000ee1f0       0x31 hal/utils/src/utils_list.o
                              0xe9daf (size before relaxing)
 .debug_str     0x000ee221      0x84d hpl/core/hpl_core_m4.o
                              0xead88 (size before relaxing)
 .debug_str     0x000eea6e     0x3109 hpl/core/hpl_init.o
                              0xee128 (size before relaxing)
 .debug_str     0x000f1b77     0x3d00 hpl/eic/hpl_eic.o
                              0xee7bc (size before relaxing)
 .debug_str     0x000f5877      0xbf6 hpl/gclk/hpl_gclk.o
                              0xeaa32 (size before relaxing)
 .debug_str     0x000f646d       0x47 hpl/mclk/hpl_mclk.o
                              0xea2d9 (size before relaxing)
 .debug_str     0x000f64b4      0x50f hpl/osc32kctrl/hpl_osc32kctrl.o
                              0xea215 (size before relaxing)
 .debug_str     0x000f69c3      0xcd2 hpl/oscctrl/hpl_oscctrl.o
                              0xeb6d1 (size before relaxing)
 .debug_str     0x000f7695      0x25d hpl/ramecc/hpl_ramecc.o
                              0xeac1d (size before relaxing)
 .debug_str     0x000f78f2     0x4a1b hpl/sercom/hpl_sercom.o
                              0xf05ec (size before relaxing)
 .debug_str     0x000fc30d       0xcd hpl/systick/hpl_systick.o
                              0xe9d4d (size before relaxing)
 .debug_str     0x000fc3da      0xa2d hpl/tc/hpl_tc.o
                              0xebb3c (size before relaxing)
 .debug_str     0x000fce07      0x972 main.o
                              0xec26d (size before relaxing)
 .debug_str     0x000fd779      0x184 SX1262 Drivers/device_specific_implementation.o
                              0xebf08 (size before relaxing)
 .debug_str     0x000fd8fd     0x104b SX1262 Drivers/sx126x_commands.o
                              0xefbbb (size before relaxing)
 .debug_str     0x000fe948       0xb9 SX1262 Drivers/sx126x_hal.o
                              0xebf69 (size before relaxing)

.debug_frame    0x00000000     0x2498
 .debug_frame   0x00000000       0x28 atmel_start.o
 .debug_frame   0x00000028       0x38 Device_Startup/startup_samd51.o
 .debug_frame   0x00000060       0xc8 driver_init.o
 .debug_frame   0x00000128       0x40 hal/src/hal_atomic.o
 .debug_frame   0x00000168       0x68 hal/src/hal_delay.o
 .debug_frame   0x000001d0       0xb4 hal/src/hal_ext_irq.o
 .debug_frame   0x00000284       0x58 hal/src/hal_io.o
 .debug_frame   0x000002dc      0x198 hal/src/hal_spi_m_sync.o
 .debug_frame   0x00000474      0x148 hal/src/hal_timer.o
 .debug_frame   0x000005bc      0x1f8 hal/src/hal_usart_sync.o
 .debug_frame   0x000007b4       0x20 hal/utils/src/utils_assert.o
 .debug_frame   0x000007d4       0x9c hal/utils/src/utils_list.o
 .debug_frame   0x00000870       0xcc hpl/core/hpl_core_m4.o
 .debug_frame   0x0000093c       0x28 hpl/core/hpl_init.o
 .debug_frame   0x00000964       0x68 hpl/eic/hpl_eic.o
 .debug_frame   0x000009cc       0x30 hpl/gclk/hpl_gclk.o
 .debug_frame   0x000009fc       0x20 hpl/mclk/hpl_mclk.o
 .debug_frame   0x00000a1c       0x20 hpl/osc32kctrl/hpl_osc32kctrl.o
 .debug_frame   0x00000a3c       0x30 hpl/oscctrl/hpl_oscctrl.o
 .debug_frame   0x00000a6c       0x4c hpl/ramecc/hpl_ramecc.o
 .debug_frame   0x00000ab8      0xe54 hpl/sercom/hpl_sercom.o
 .debug_frame   0x0000190c       0x7c hpl/systick/hpl_systick.o
 .debug_frame   0x00001988      0x10c hpl/tc/hpl_tc.o
 .debug_frame   0x00001a94       0x68 main.o
 .debug_frame   0x00001afc       0xd4 SX1262 Drivers/device_specific_implementation.o
 .debug_frame   0x00001bd0      0x5b0 SX1262 Drivers/sx126x_commands.o
 .debug_frame   0x00002180      0x1cc SX1262 Drivers/sx126x_hal.o
 .debug_frame   0x0000234c       0xac c:/program files (x86)/atmel/studio/7.0/toolchain/arm/arm-gnu-toolchain/bin/../lib/gcc/arm-none-eabi/6.3.1/thumb/v7e-m\libgcc.a(_arm_addsubdf3.o)
 .debug_frame   0x000023f8       0x50 c:/program files (x86)/atmel/studio/7.0/toolchain/arm/arm-gnu-toolchain/bin/../lib/gcc/arm-none-eabi/6.3.1/thumb/v7e-m\libgcc.a(_arm_muldivdf3.o)
 .debug_frame   0x00002448       0x24 c:/program files (x86)/atmel/studio/7.0/toolchain/arm/arm-gnu-toolchain/bin/../lib/gcc/arm-none-eabi/6.3.1/thumb/v7e-m\libgcc.a(_arm_fixunsdfsi.o)
 .debug_frame   0x0000246c       0x2c c:/program files (x86)/atmel/studio/7.0/toolchain/arm/arm-gnu-toolchain/bin/../lib/gcc/arm-none-eabi/6.3.1/../../../../arm-none-eabi/lib/thumb/v7e-m\libc_nano.a(lib_a-init.o)
