Archive member included to satisfy reference by file (symbol)

c:/program files (x86)/atmel/studio/7.0/toolchain/arm/arm-gnu-toolchain/bin/../lib/gcc/arm-none-eabi/6.3.1/thumb/v7e-m\libgcc.a(_arm_addsubdf3.o)
                              hpl/sercom/hpl_sercom.o (__aeabi_dsub)
c:/program files (x86)/atmel/studio/7.0/toolchain/arm/arm-gnu-toolchain/bin/../lib/gcc/arm-none-eabi/6.3.1/thumb/v7e-m\libgcc.a(_arm_muldivdf3.o)
                              hpl/sercom/hpl_sercom.o (__aeabi_dmul)
c:/program files (x86)/atmel/studio/7.0/toolchain/arm/arm-gnu-toolchain/bin/../lib/gcc/arm-none-eabi/6.3.1/thumb/v7e-m\libgcc.a(_arm_fixunsdfsi.o)
                              hpl/sercom/hpl_sercom.o (__aeabi_d2uiz)
c:/program files (x86)/atmel/studio/7.0/toolchain/arm/arm-gnu-toolchain/bin/../lib/gcc/arm-none-eabi/6.3.1/thumb/v7e-m\libgcc.a(_aeabi_uldivmod.o)
                              hpl/sercom/hpl_sercom.o (__aeabi_uldivmod)
c:/program files (x86)/atmel/studio/7.0/toolchain/arm/arm-gnu-toolchain/bin/../lib/gcc/arm-none-eabi/6.3.1/thumb/v7e-m\libgcc.a(_udivmoddi4.o)
                              c:/program files (x86)/atmel/studio/7.0/toolchain/arm/arm-gnu-toolchain/bin/../lib/gcc/arm-none-eabi/6.3.1/thumb/v7e-m\libgcc.a(_aeabi_uldivmod.o) (__udivmoddi4)
c:/program files (x86)/atmel/studio/7.0/toolchain/arm/arm-gnu-toolchain/bin/../lib/gcc/arm-none-eabi/6.3.1/thumb/v7e-m\libgcc.a(_dvmd_tls.o)
                              c:/program files (x86)/atmel/studio/7.0/toolchain/arm/arm-gnu-toolchain/bin/../lib/gcc/arm-none-eabi/6.3.1/thumb/v7e-m\libgcc.a(_aeabi_uldivmod.o) (__aeabi_ldiv0)
c:/program files (x86)/atmel/studio/7.0/toolchain/arm/arm-gnu-toolchain/bin/../lib/gcc/arm-none-eabi/6.3.1/../../../../arm-none-eabi/lib/thumb/v7e-m\libc_nano.a(lib_a-exit.o)
                              c:/program files (x86)/atmel/studio/7.0/toolchain/arm/arm-gnu-toolchain/bin/../lib/gcc/arm-none-eabi/6.3.1/../../../../arm-none-eabi/lib/thumb/v7e-m/crt0.o (exit)
c:/program files (x86)/atmel/studio/7.0/toolchain/arm/arm-gnu-toolchain/bin/../lib/gcc/arm-none-eabi/6.3.1/../../../../arm-none-eabi/lib/thumb/v7e-m\libc_nano.a(lib_a-impure.o)
                              c:/program files (x86)/atmel/studio/7.0/toolchain/arm/arm-gnu-toolchain/bin/../lib/gcc/arm-none-eabi/6.3.1/../../../../arm-none-eabi/lib/thumb/v7e-m\libc_nano.a(lib_a-exit.o) (_global_impure_ptr)
c:/program files (x86)/atmel/studio/7.0/toolchain/arm/arm-gnu-toolchain/bin/../lib/gcc/arm-none-eabi/6.3.1/../../../../arm-none-eabi/lib/thumb/v7e-m\libc_nano.a(lib_a-init.o)
                              c:/program files (x86)/atmel/studio/7.0/toolchain/arm/arm-gnu-toolchain/bin/../lib/gcc/arm-none-eabi/6.3.1/../../../../arm-none-eabi/lib/thumb/v7e-m/crt0.o (__libc_init_array)
c:/program files (x86)/atmel/studio/7.0/toolchain/arm/arm-gnu-toolchain/bin/../lib/gcc/arm-none-eabi/6.3.1/../../../../arm-none-eabi/lib/thumb/v7e-m\libc_nano.a(lib_a-memset.o)
                              c:/program files (x86)/atmel/studio/7.0/toolchain/arm/arm-gnu-toolchain/bin/../lib/gcc/arm-none-eabi/6.3.1/../../../../arm-none-eabi/lib/thumb/v7e-m/crt0.o (memset)
c:/program files (x86)/atmel/studio/7.0/toolchain/arm/arm-gnu-toolchain/bin/../lib/gcc/arm-none-eabi/6.3.1/../../../../arm-none-eabi/lib/thumb/v7e-m\libc_nano.a(lib_a-printf.o)
                              hal/utils/src/utils_syscalls.o (printf)
c:/program files (x86)/atmel/studio/7.0/toolchain/arm/arm-gnu-toolchain/bin/../lib/gcc/arm-none-eabi/6.3.1/../../../../arm-none-eabi/lib/thumb/v7e-m\libc_nano.a(lib_a-findfp.o)
                              c:/program files (x86)/atmel/studio/7.0/toolchain/arm/arm-gnu-toolchain/bin/../lib/gcc/arm-none-eabi/6.3.1/../../../../arm-none-eabi/lib/thumb/v7e-m\libc_nano.a(lib_a-printf.o) (__sinit)
c:/program files (x86)/atmel/studio/7.0/toolchain/arm/arm-gnu-toolchain/bin/../lib/gcc/arm-none-eabi/6.3.1/../../../../arm-none-eabi/lib/thumb/v7e-m\libc_nano.a(lib_a-fwalk.o)
                              c:/program files (x86)/atmel/studio/7.0/toolchain/arm/arm-gnu-toolchain/bin/../lib/gcc/arm-none-eabi/6.3.1/../../../../arm-none-eabi/lib/thumb/v7e-m\libc_nano.a(lib_a-findfp.o) (_fwalk)
c:/program files (x86)/atmel/studio/7.0/toolchain/arm/arm-gnu-toolchain/bin/../lib/gcc/arm-none-eabi/6.3.1/../../../../arm-none-eabi/lib/thumb/v7e-m\libc_nano.a(lib_a-nano-mallocr.o)
                              c:/program files (x86)/atmel/studio/7.0/toolchain/arm/arm-gnu-toolchain/bin/../lib/gcc/arm-none-eabi/6.3.1/../../../../arm-none-eabi/lib/thumb/v7e-m\libc_nano.a(lib_a-findfp.o) (_malloc_r)
c:/program files (x86)/atmel/studio/7.0/toolchain/arm/arm-gnu-toolchain/bin/../lib/gcc/arm-none-eabi/6.3.1/../../../../arm-none-eabi/lib/thumb/v7e-m\libc_nano.a(lib_a-nano-vfprintf.o)
                              c:/program files (x86)/atmel/studio/7.0/toolchain/arm/arm-gnu-toolchain/bin/../lib/gcc/arm-none-eabi/6.3.1/../../../../arm-none-eabi/lib/thumb/v7e-m\libc_nano.a(lib_a-printf.o) (_vfprintf_r)
[...]
Memory Configuration

Name             Origin             Length             Attributes
rom              0x00000000         0x00100000         xr
ram              0x20000000         0x00040000         xrw
bkupram          0x47000000         0x00002000         xrw
qspi             0x04000000         0x01000000         xrw
*default*        0x00000000         0xffffffff

Linker script and memory map

LOAD c:/program files (x86)/atmel/studio/7.0/toolchain/arm/arm-gnu-toolchain/bin/../lib/gcc/arm-none-eabi/6.3.1/thumb/v7e-m/crti.o
LOAD c:/program files (x86)/atmel/studio/7.0/toolchain/arm/arm-gnu-toolchain/bin/../lib/gcc/arm-none-eabi/6.3.1/thumb/v7e-m/crtbegin.o
LOAD c:/program files (x86)/atmel/studio/7.0/toolchain/arm/arm-gnu-toolchain/bin/../lib/gcc/arm-none-eabi/6.3.1/../../../../arm-none-eabi/lib/thumb/v7e-m/crt0.o
LOAD atmel_start.o
LOAD Device_Startup/startup_samd51.o
LOAD Device_Startup/system_samd51.o
LOAD driver_init.o
LOAD examples/driver_examples.o
LOAD hal/src/hal_atomic.o
LOAD hal/src/hal_cache.o
LOAD hal/src/hal_delay.o
LOAD hal/src/hal_ext_irq.o
LOAD hal/src/hal_gpio.o
LOAD hal/src/hal_init.o
LOAD hal/src/hal_io.o
LOAD hal/src/hal_sleep.o
LOAD hal/src/hal_spi_m_sync.o
LOAD hal/src/hal_timer.o
LOAD hal/src/hal_usart_async.o
LOAD hal/utils/src/utils_assert.o
LOAD hal/utils/src/utils_event.o
LOAD hal/utils/src/utils_list.o
LOAD hal/utils/src/utils_ringbuffer.o
LOAD hal/utils/src/utils_syscalls.o
LOAD hpl/cmcc/hpl_cmcc.o
LOAD hpl/core/hpl_core_m4.o
LOAD hpl/core/hpl_init.o
LOAD hpl/dmac/hpl_dmac.o
LOAD hpl/eic/hpl_eic.o
LOAD hpl/gclk/hpl_gclk.o
LOAD hpl/mclk/hpl_mclk.o
LOAD hpl/osc32kctrl/hpl_osc32kctrl.o
LOAD hpl/oscctrl/hpl_oscctrl.o
LOAD hpl/pm/hpl_pm.o
LOAD hpl/ramecc/hpl_ramecc.o
LOAD hpl/sercom/hpl_sercom.o
LOAD hpl/systick/hpl_systick.o
LOAD hpl/tc/hpl_tc.o
LOAD main.o
LOAD SX1262 Drivers/device_specific_implementation.o
LOAD SX1262 Drivers/sx126x_commands.o
LOAD SX1262 Drivers/sx126x_hal.o
START GROUP
LOAD c:/program files (x86)/atmel/studio/7.0/toolchain/arm/arm-gnu-toolchain/bin/../lib/gcc/arm-none-eabi/6.3.1/../../../../arm-none-eabi/lib/thumb/v7e-m\libm.a
END GROUP
START GROUP
LOAD c:/program files (x86)/atmel/studio/7.0/toolchain/arm/arm-gnu-toolchain/bin/../lib/gcc/arm-none-eabi/6.3.1/thumb/v7e-m\libgcc.a
LOAD c:/program files (x86)/atmel/studio/7.0/toolchain/arm/arm-gnu-toolchain/bin/../lib/gcc/arm-none-eabi/6.3.1/../../../../arm-none-eabi/lib/thumb/v7e-m\libc_nano.a
END GROUP
START GROUP
LOAD c:/program files (x86)/atmel/studio/7.0/toolchain/arm/arm-gnu-toolchain/bin/../lib/gcc/arm-none-eabi/6.3.1/thumb/v7e-m\libgcc.a
LOAD c:/program files (x86)/atmel/studio/7.0/toolchain/arm/arm-gnu-toolchain/bin/../lib/gcc/arm-none-eabi/6.3.1/../../../../arm-none-eabi/lib/thumb/v7e-m\libc_nano.a
END GROUP
LOAD c:/program files (x86)/atmel/studio/7.0/toolchain/arm/arm-gnu-toolchain/bin/../lib/gcc/arm-none-eabi/6.3.1/thumb/v7e-m/crtend.o
LOAD c:/program files (x86)/atmel/studio/7.0/toolchain/arm/arm-gnu-toolchain/bin/../lib/gcc/arm-none-eabi/6.3.1/thumb/v7e-m/crtn.o
                0x00010000                STACK_SIZE = DEFINED (STACK_SIZE)?STACK_SIZE:DEFINED (__stack_size__)?__stack_size__:0x10000

.text           0x00000000     0x211c
                0x00000000                . = ALIGN (0x4)
                0x00000000                _sfixed = .
 *(.vectors .vectors.*)
 .vectors       0x00000000      0x264 Device_Startup/startup_samd51.o
                0x00000000                exception_table
 *(.text .text.* .gnu.linkonce.t.*)
 .text          0x00000264       0x6c c:/program files (x86)/atmel/studio/7.0/toolchain/arm/arm-gnu-toolchain/bin/../lib/gcc/arm-none-eabi/6.3.1/thumb/v7e-m/crtbegin.o
 .text.atmel_start_init
                0x000002d0        0xc atmel_start.o
                0x000002d0                atmel_start_init
 .text.Dummy_Handler
                0x000002dc        0x2 Device_Startup/startup_samd51.o
                0x000002dc                EIC_5_Handler
                0x000002dc                SVCall_Handler
                0x000002dc                SERCOM0_2_Handler
                0x000002dc                EIC_13_Handler
                0x000002dc                EVSYS_0_Handler
                0x000002dc                TCC1_3_Handler
                0x000002dc                DAC_3_Handler
                0x000002dc                TRNG_Handler
                0x000002dc                HardFault_Handler
                0x000002dc                TC2_Handler
                0x000002dc                PDEC_2_Handler
                0x000002dc                EIC_4_Handler
                0x000002dc                AC_Handler
                0x000002dc                SERCOM3_1_Handler
                0x000002dc                SysTick_Handler
                0x000002dc                TCC2_3_Handler
                0x000002dc                SERCOM3_2_Handler
                0x000002dc                PendSV_Handler
                0x000002dc                ADC1_1_Handler
                0x000002dc                EVSYS_3_Handler
                0x000002dc                PDEC_0_Handler
                0x000002dc                QSPI_Handler
                0x000002dc                NonMaskableInt_Handler
                0x000002dc                TCC0_0_Handler
                0x000002dc                EIC_3_Handler
                0x000002dc                MemManagement_Handler
                0x000002dc                DAC_2_Handler
                0x000002dc                SERCOM0_0_Handler
                0x000002dc                RTC_Handler
                0x000002dc                UsageFault_Handler
                0x000002dc                EIC_10_Handler
                0x000002dc                SERCOM0_3_Handler
                0x000002dc                EIC_11_Handler
                0x000002dc                EIC_9_Handler
                0x000002dc                OSC32KCTRL_Handler
                0x000002dc                TCC2_1_Handler
                0x000002dc                SUPC_1_Handler
                0x000002dc                TCC0_5_Handler
                0x000002dc                TCC0_6_Handler
                0x000002dc                SERCOM6_2_Handler
                0x000002dc                EVSYS_1_Handler
                0x000002dc                TCC1_4_Handler
                0x000002dc                TC6_Handler
                0x000002dc                DMAC_0_Handler
                0x000002dc                WDT_Handler
                0x000002dc                EIC_8_Handler
                0x000002dc                EIC_15_Handler
                0x000002dc                SERCOM6_0_Handler
                0x000002dc                SERCOM5_0_Handler
                0x000002dc                TC4_Handler
                0x000002dc                TC1_Handler
                0x000002dc                OSCCTRL_4_Handler
                0x000002dc                EIC_12_Handler
                0x000002dc                DMAC_4_Handler
                0x000002dc                TCC4_2_Handler
                0x000002dc                PAC_Handler
                0x000002dc                TCC1_0_Handler
                0x000002dc                USB_0_Handler
                0x000002dc                OSCCTRL_0_Handler
                0x000002dc                OSCCTRL_3_Handler
                0x000002dc                TC3_Handler
                0x000002dc                Dummy_Handler
                0x000002dc                TCC3_0_Handler
                0x000002dc                TCC2_2_Handler
                0x000002dc                SERCOM5_1_Handler
                0x000002dc                TCC1_1_Handler
                0x000002dc                DMAC_2_Handler
                0x000002dc                ADC0_0_Handler
                0x000002dc                SERCOM0_1_Handler
                0x000002dc                OSCCTRL_2_Handler
                0x000002dc                ADC1_0_Handler
                0x000002dc                TCC1_2_Handler
                0x000002dc                SERCOM7_1_Handler
                0x000002dc                USB_1_Handler
                0x000002dc                PM_Handler
                0x000002dc                SERCOM6_3_Handler
                0x000002dc                SERCOM2_3_Handler
                0x000002dc                DAC_4_Handler
                0x000002dc                TCC3_2_Handler
                0x000002dc                SERCOM7_0_Handler
                0x000002dc                TCC0_2_Handler
                0x000002dc                DMAC_1_Handler
                0x000002dc                TCC4_0_Handler
                0x000002dc                SERCOM7_3_Handler
                0x000002dc                SDHC1_Handler
                0x000002dc                USB_3_Handler
                0x000002dc                SERCOM7_2_Handler
                0x000002dc                TCC2_0_Handler
                0x000002dc                PDEC_1_Handler
                0x000002dc                TCC4_1_Handler
                0x000002dc                SERCOM5_3_Handler
                0x000002dc                USB_2_Handler
                0x000002dc                SERCOM6_1_Handler
                0x000002dc                SDHC0_Handler
                0x000002dc                SERCOM1_1_Handler
                0x000002dc                I2S_Handler
                0x000002dc                EIC_2_Handler
                0x000002dc                PCC_Handler
                0x000002dc                DAC_0_Handler
                0x000002dc                TCC0_1_Handler
                0x000002dc                SERCOM1_3_Handler
                0x000002dc                EIC_6_Handler
                0x000002dc                OSCCTRL_1_Handler
                0x000002dc                SERCOM1_0_Handler
                0x000002dc                PUKCC_Handler
                0x000002dc                SERCOM2_1_Handler
                0x000002dc                SERCOM1_2_Handler
                0x000002dc                SERCOM3_0_Handler
                0x000002dc                EIC_1_Handler
                0x000002dc                EVSYS_4_Handler
                0x000002dc                EIC_7_Handler
                0x000002dc                NVMCTRL_1_Handler
                0x000002dc                SERCOM5_2_Handler
                0x000002dc                SERCOM3_3_Handler
                0x000002dc                ADC0_1_Handler
                0x000002dc                SERCOM2_2_Handler
                0x000002dc                TCC3_1_Handler
                0x000002dc                EIC_14_Handler
                0x000002dc                DAC_1_Handler
                0x000002dc                NVMCTRL_0_Handler
                0x000002dc                MCLK_Handler
                0x000002dc                EVSYS_2_Handler
                0x000002dc                SUPC_0_Handler
                0x000002dc                BusFault_Handler
                0x000002dc                FREQM_Handler
                0x000002dc                TC0_Handler
                0x000002dc                TCC0_3_Handler
                0x000002dc                DMAC_3_Handler
                0x000002dc                DebugMonitor_Handler
                0x000002dc                TCC0_4_Handler
                0x000002dc                TC5_Handler
                0x000002dc                SERCOM2_0_Handler
                0x000002dc                AES_Handler
                0x000002dc                ICM_Handler
 *fill*         0x000002de        0x2 
 .text.Reset_Handler
                0x000002e0       0x98 Device_Startup/startup_samd51.o
                0x000002e0                Reset_Handler
 .text.EXTERNAL_IRQ_0_init
                0x00000378       0x70 driver_init.o
                0x00000378                EXTERNAL_IRQ_0_init
 .text.SPI_0_PORT_init
                0x000003e8       0xac driver_init.o
                0x000003e8                SPI_0_PORT_init
 .text.SPI_0_CLOCK_init
                0x00000494       0x24 driver_init.o
                0x00000494                SPI_0_CLOCK_init
 .text.SPI_0_init
                0x000004b8       0x28 driver_init.o
                0x000004b8                SPI_0_init
 .text.USART_0_CLOCK_init
                0x000004e0       0x24 driver_init.o
                0x000004e0                USART_0_CLOCK_init
 .text.USART_0_PORT_init
                0x00000504       0x48 driver_init.o
                0x00000504                USART_0_PORT_init
 .text.USART_0_init
                0x0000054c       0x38 driver_init.o
                0x0000054c                USART_0_init
 .text.delay_driver_init
                0x00000584       0x14 driver_init.o
                0x00000584                delay_driver_init
 .text.system_init
                0x00000598      0x114 driver_init.o
                0x00000598                system_init
 .text.atomic_enter_critical
                0x000006ac        0xe hal/src/hal_atomic.o
                0x000006ac                atomic_enter_critical
 .text.atomic_leave_critical
                0x000006ba        0xc hal/src/hal_atomic.o
                0x000006ba                atomic_leave_critical
 *fill*         0x000006c6        0x2 
 .text.delay_init
                0x000006c8       0x14 hal/src/hal_delay.o
                0x000006c8                delay_init
 .text.delay_ms
                0x000006dc       0x20 hal/src/hal_delay.o
                0x000006dc                delay_ms
 .text.process_ext_irq
                0x000006fc       0x38 hal/src/hal_ext_irq.o
 .text.ext_irq_init
                0x00000734       0x24 hal/src/hal_ext_irq.o
                0x00000734                ext_irq_init
 .text.ext_irq_register
                0x00000758       0x40 hal/src/hal_ext_irq.o
                0x00000758                ext_irq_register
 .text.io_write
                0x00000798       0x30 hal/src/hal_io.o
                0x00000798                io_write
 .text.spi_m_sync_init
                0x000007c8       0x50 hal/src/hal_spi_m_sync.o
                0x000007c8                spi_m_sync_init
 .text.spi_m_sync_enable
                0x00000818       0x28 hal/src/hal_spi_m_sync.o
                0x00000818                spi_m_sync_enable
 .text.spi_m_sync_transfer
                0x00000840       0x40 hal/src/hal_spi_m_sync.o
                0x00000840                spi_m_sync_transfer
 .text._spi_m_sync_io_write
                0x00000880       0x3c hal/src/hal_spi_m_sync.o
 .text._spi_m_sync_io_read
                0x000008bc       0x3c hal/src/hal_spi_m_sync.o
 .text.spi_m_sync_get_io_descriptor
                0x000008f8       0x2c hal/src/hal_spi_m_sync.o
                0x000008f8                spi_m_sync_get_io_descriptor
 .text.timer_add_timer_task
                0x00000924       0x58 hal/src/hal_timer.o
 .text.timer_process_counted
                0x0000097c       0x80 hal/src/hal_timer.o
 .text.timer_init
                0x000009fc       0x3c hal/src/hal_timer.o
                0x000009fc                timer_init
 .text.timer_start
                0x00000a38       0x3c hal/src/hal_timer.o
                0x00000a38                timer_start
 .text.timer_add_task
                0x00000a74       0xa8 hal/src/hal_timer.o
                0x00000a74                timer_add_task
 .text.usart_transmission_complete
                0x00000b1c       0x14 hal/src/hal_usart_async.o
 .text.usart_error
                0x00000b30       0x14 hal/src/hal_usart_async.o
 .text.usart_fill_rx_buffer
                0x00000b44       0x1c hal/src/hal_usart_async.o
 .text.usart_async_write
                0x00000b60       0x60 hal/src/hal_usart_async.o
 .text.usart_process_byte_sent
                0x00000bc0       0x34 hal/src/hal_usart_async.o
 .text.usart_async_read
                0x00000bf4       0xd8 hal/src/hal_usart_async.o
 .text.usart_async_init
                0x00000ccc       0x90 hal/src/hal_usart_async.o
                0x00000ccc                usart_async_init
 .text.usart_async_enable
                0x00000d5c       0x2c hal/src/hal_usart_async.o
                0x00000d5c                usart_async_enable
 .text.usart_async_get_io_descriptor
                0x00000d88       0x28 hal/src/hal_usart_async.o
                0x00000d88                usart_async_get_io_descriptor
 .text.usart_async_register_callback
                0x00000db0       0x74 hal/src/hal_usart_async.o
                0x00000db0                usart_async_register_callback
 .text.assert   0x00000e24        0x6 hal/utils/src/utils_assert.o
                0x00000e24                assert
 .text.is_list_element
                0x00000e2a       0x20 hal/utils/src/utils_list.o
                0x00000e2a                is_list_element
 *fill*         0x00000e4a        0x2 
 .text.list_insert_as_head
                0x00000e4c       0x2c hal/utils/src/utils_list.o
                0x00000e4c                list_insert_as_head
 .text.list_insert_after
                0x00000e78        0x8 hal/utils/src/utils_list.o
                0x00000e78                list_insert_after
 .text.list_remove_head
                0x00000e80        0xc hal/utils/src/utils_list.o
                0x00000e80                list_remove_head
 .text.ringbuffer_init
                0x00000e8c       0x50 hal/utils/src/utils_ringbuffer.o
                0x00000e8c                ringbuffer_init
 .text.ringbuffer_get
                0x00000edc       0x44 hal/utils/src/utils_ringbuffer.o
                0x00000edc                ringbuffer_get
 .text.ringbuffer_put
                0x00000f20       0x40 hal/utils/src/utils_ringbuffer.o
                0x00000f20                ringbuffer_put
 .text.ringbuffer_num
                0x00000f60       0x24 hal/utils/src/utils_ringbuffer.o
                0x00000f60                ringbuffer_num
 .text._irq_set
                0x00000f84       0x1c hpl/core/hpl_core_m4.o
                0x00000f84                _irq_set
 .text._get_cycles_for_ms
                0x00000fa0        0xa hpl/core/hpl_core_m4.o
                0x00000fa0                _get_cycles_for_ms
 *fill*         0x00000faa        0x2 
 .text._init_chip
                0x00000fac       0x40 hpl/core/hpl_init.o
                0x00000fac                _init_chip
 .text._ext_irq_init
                0x00000fec       0xb8 hpl/eic/hpl_eic.o
                0x00000fec                _ext_irq_init
 .text._ext_irq_enable
                0x000010a4       0x28 hpl/eic/hpl_eic.o
                0x000010a4                _ext_irq_enable
 .text.EIC_0_Handler
                0x000010cc       0xdc hpl/eic/hpl_eic.o
                0x000010cc                EIC_0_Handler
 .text._gclk_init_generators_by_fref
                0x000011a8       0x40 hpl/gclk/hpl_gclk.o
                0x000011a8                _gclk_init_generators_by_fref
 .text._mclk_init
                0x000011e8        0xc hpl/mclk/hpl_mclk.o
                0x000011e8                _mclk_init
 .text._osc32kctrl_init_sources
                0x000011f4       0x20 hpl/osc32kctrl/hpl_osc32kctrl.o
                0x000011f4                _osc32kctrl_init_sources
 .text._oscctrl_init_sources
                0x00001214        0x2 hpl/oscctrl/hpl_oscctrl.o
                0x00001214                _oscctrl_init_sources
 *fill*         0x00001216        0x2 
 .text._oscctrl_init_referenced_generators
                0x00001218       0xe8 hpl/oscctrl/hpl_oscctrl.o
                0x00001218                _oscctrl_init_referenced_generators
 .text.RAMECC_Handler
                0x00001300       0x44 hpl/ramecc/hpl_ramecc.o
                0x00001300                RAMECC_Handler
 .text._sercom_get_hardware_index
                0x00001344       0x44 hpl/sercom/hpl_sercom.o
 .text._sercom_usart_interrupt_handler
                0x00001388       0x70 hpl/sercom/hpl_sercom.o
 .text._sercom_get_irq_num
                0x000013f8       0x14 hpl/sercom/hpl_sercom.o
 .text._spi_sync_enable
                0x0000140c       0x22 hpl/sercom/hpl_sercom.o
 *fill*         0x0000142e        0x2 
 .text._usart_init
                0x00001430       0xa0 hpl/sercom/hpl_sercom.o
 .text._usart_async_init
                0x000014d0       0x80 hpl/sercom/hpl_sercom.o
                0x000014d0                _usart_async_init
 .text._usart_async_enable
                0x00001550       0x14 hpl/sercom/hpl_sercom.o
                0x00001550                _usart_async_enable
 .text._usart_async_write_byte
                0x00001564        0x6 hpl/sercom/hpl_sercom.o
                0x00001564                _usart_async_write_byte
 .text._usart_async_enable_byte_sent_irq
                0x0000156a        0x8 hpl/sercom/hpl_sercom.o
                0x0000156a                _usart_async_enable_byte_sent_irq
 .text._usart_async_enable_tx_done_irq
                0x00001572        0x8 hpl/sercom/hpl_sercom.o
                0x00001572                _usart_async_enable_tx_done_irq
 *fill*         0x0000157a        0x2 
 .text._usart_async_set_irq_state
                0x0000157c       0x6c hpl/sercom/hpl_sercom.o
                0x0000157c                _usart_async_set_irq_state
 .text.SERCOM4_0_Handler
                0x000015e8       0x14 hpl/sercom/hpl_sercom.o
                0x000015e8                SERCOM4_0_Handler
 .text.SERCOM4_1_Handler
                0x000015fc       0x14 hpl/sercom/hpl_sercom.o
                0x000015fc                SERCOM4_1_Handler
 .text.SERCOM4_2_Handler
                0x00001610       0x14 hpl/sercom/hpl_sercom.o
                0x00001610                SERCOM4_2_Handler
 .text.SERCOM4_3_Handler
                0x00001624       0x14 hpl/sercom/hpl_sercom.o
                0x00001624                SERCOM4_3_Handler
 .text._spi_m_sync_init
                0x00001638       0xf4 hpl/sercom/hpl_sercom.o
                0x00001638                _spi_m_sync_init
 .text._spi_m_sync_enable
                0x0000172c       0x30 hpl/sercom/hpl_sercom.o
                0x0000172c                _spi_m_sync_enable
 .text._spi_m_sync_trans
                0x0000175c       0xe0 hpl/sercom/hpl_sercom.o
                0x0000175c                _spi_m_sync_trans
 .text._delay_init
                0x0000183c       0x14 hpl/systick/hpl_systick.o
                0x0000183c                _delay_init
 .text._delay_cycles
                0x00001850       0x5c hpl/systick/hpl_systick.o
                0x00001850                _delay_cycles
 .text.get_tc_index
                0x000018ac       0x5c hpl/tc/hpl_tc.o
 .text._timer_init
                0x00001908      0x1a8 hpl/tc/hpl_tc.o
                0x00001908                _timer_init
 .text._timer_start
                0x00001ab0       0x14 hpl/tc/hpl_tc.o
                0x00001ab0                _timer_start
 .text._timer_is_started
                0x00001ac4       0x12 hpl/tc/hpl_tc.o
                0x00001ac4                _timer_is_started
 .text._tc_get_timer
                0x00001ad6        0x4 hpl/tc/hpl_tc.o
                0x00001ad6                _tc_get_timer
 *fill*         0x00001ada        0x2 
 .text._timer_set_irq
                0x00001adc       0x40 hpl/tc/hpl_tc.o
                0x00001adc                _timer_set_irq
 .text.TC7_Handler
                0x00001b1c       0x20 hpl/tc/hpl_tc.o
                0x00001b1c                TC7_Handler
 .text.tx_cb_USART_0
                0x00001b3c       0x10 main.o
 .text.TIMER_0_task1_cb
                0x00001b4c        0x2 main.o
 *fill*         0x00001b4e        0x2 
 .text.USART_init
                0x00001b50       0x38 main.o
                0x00001b50                USART_init
 .text.Timer_init
                0x00001b88       0x34 main.o
                0x00001b88                Timer_init
 .text.main     0x00001bbc       0x3c main.o
                0x00001bbc                main
 .text.DIO1_IRQ
                0x00001bf8       0x30 SX1262 Drivers/device_specific_implementation.o
 .text.read_pin
                0x00001c28       0x48 SX1262 Drivers/device_specific_implementation.o
                0x00001c28                read_pin
 .text.write_pin
                0x00001c70       0x2a SX1262 Drivers/device_specific_implementation.o
                0x00001c70                write_pin
 *fill*         0x00001c9a        0x2 
 .text.SPI_init
                0x00001c9c       0x2c SX1262 Drivers/device_specific_implementation.o
                0x00001c9c                SPI_init
 .text.SendSpi  0x00001cc8       0x18 SX1262 Drivers/device_specific_implementation.o
                0x00001cc8                SendSpi
 .text.IRQ_Init
                0x00001ce0       0x14 SX1262 Drivers/device_specific_implementation.o
                0x00001ce0                IRQ_Init
 .text.SX126x_SetStandby
                0x00001cf4       0x34 SX1262 Drivers/sx126x_commands.o
                0x00001cf4                SX126x_SetStandby
 .text.SX126x_SetDio2AsRfSwitchCtrl
                0x00001d28       0x1c SX1262 Drivers/sx126x_commands.o
                0x00001d28                SX126x_SetDio2AsRfSwitchCtrl
 .text.SX126x_SetPacketType
                0x00001d44       0x24 SX1262 Drivers/sx126x_commands.o
                0x00001d44                SX126x_SetPacketType
 .text.SX126x_Init
                0x00001d68       0x68 SX1262 Drivers/sx126x_commands.o
                0x00001d68                SX126x_Init
 .text.SX126xHal_SpiInit
                0x00001dd0       0x24 SX1262 Drivers/sx126x_hal.o
                0x00001dd0                SX126xHal_SpiInit
 .text.SX126xHal_IoIrqInit
                0x00001df4        0xc SX1262 Drivers/sx126x_hal.o
                0x00001df4                SX126xHal_IoIrqInit
 .text.SX126xHal_Reset
                0x00001e00       0x40 SX1262 Drivers/sx126x_hal.o
                0x00001e00                SX126xHal_Reset
 .text.SX126xHal_Wakeup
                0x00001e40       0x54 SX1262 Drivers/sx126x_hal.o
                0x00001e40                SX126xHal_Wakeup
 .text.SX126xHal_WriteCommand
                0x00001e94       0x48 SX1262 Drivers/sx126x_hal.o
                0x00001e94                SX126xHal_WriteCommand
 .text.SX126xHal_WriteRegister
                0x00001edc       0x54 SX1262 Drivers/sx126x_hal.o
                0x00001edc                SX126xHal_WriteRegister
 .text.SX126xHal_WriteReg
                0x00001f30       0x10 SX1262 Drivers/sx126x_hal.o
                0x00001f30                SX126xHal_WriteReg
 .text.SX126xHal_AntSwOn
                0x00001f40        0x2 SX1262 Drivers/sx126x_hal.o
                0x00001f40                SX126xHal_AntSwOn
 *fill*         0x00001f42        0x2 
 .text.__libc_init_array
                0x00001f44       0x48 c:/program files (x86)/atmel/studio/7.0/toolchain/arm/arm-gnu-toolchain/bin/../lib/gcc/arm-none-eabi/6.3.1/../../../../arm-none-eabi/lib/thumb/v7e-m\libc_nano.a(lib_a-init.o)
                0x00001f44                __libc_init_array
 *(.glue_7t)
 .glue_7t       0x00001f8c        0x0 linker stubs
 *(.glue_7)
 .glue_7        0x00001f8c        0x0 linker stubs
 *(.rodata .rodata* .gnu.linkonce.r.*)
 .rodata.str1.4
                0x00001f8c       0x14 hal/src/hal_io.o
 .rodata.str1.4
                0x00001fa0       0x1c hal/src/hal_spi_m_sync.o
 .rodata.str1.4
                0x00001fbc       0x17 hal/src/hal_timer.o
 *fill*         0x00001fd3        0x1 
 .rodata.str1.4
                0x00001fd4       0x1d hal/src/hal_usart_async.o
 *fill*         0x00001ff1        0x3 
 .rodata.str1.4
                0x00001ff4       0x1e hal/utils/src/utils_list.o
 *fill*         0x00002012        0x2 
 .rodata.str1.4
                0x00002014       0x24 hal/utils/src/utils_ringbuffer.o
 .rodata        0x00002038        0x8 hpl/eic/hpl_eic.o
 .rodata.str1.4
                0x00002040       0x15 hpl/eic/hpl_eic.o
 *fill*         0x00002055        0x3 
 .rodata        0x00002058       0x38 hpl/sercom/hpl_sercom.o
 .rodata.str1.4
                0x00002090       0x1b hpl/sercom/hpl_sercom.o
 *fill*         0x000020ab        0x1 
 .rodata        0x000020ac       0x34 hpl/tc/hpl_tc.o
 .rodata.str1.4
                0x000020e0       0x14 hpl/tc/hpl_tc.o
                                 0x13 (size before relaxing)
 .rodata        0x000020f4        0x7 SX1262 Drivers/device_specific_implementation.o
 *(.ARM.extab* .gnu.linkonce.armextab.*)
                0x000020fc                . = ALIGN (0x4)
 *fill*         0x000020fb        0x1 
 *(.init)
 .init          0x000020fc        0x4 c:/program files (x86)/atmel/studio/7.0/toolchain/arm/arm-gnu-toolchain/bin/../lib/gcc/arm-none-eabi/6.3.1/thumb/v7e-m/crti.o
                0x000020fc                _init
 .init          0x00002100        0x8 c:/program files (x86)/atmel/studio/7.0/toolchain/arm/arm-gnu-toolchain/bin/../lib/gcc/arm-none-eabi/6.3.1/thumb/v7e-m/crtn.o
                0x00002108                . = ALIGN (0x4)
                0x00002108                __preinit_array_start = .
 *(.preinit_array)
                0x00002108                __preinit_array_end = .
                0x00002108                . = ALIGN (0x4)
                0x00002108                __init_array_start = .
 *(SORT(.init_array.*))
 *(.init_array)
 .init_array    0x00002108        0x4 c:/program files (x86)/atmel/studio/7.0/toolchain/arm/arm-gnu-toolchain/bin/../lib/gcc/arm-none-eabi/6.3.1/thumb/v7e-m/crtbegin.o
                0x0000210c                __init_array_end = .
                0x0000210c                . = ALIGN (0x4)
 *crtbegin.o(.ctors)
 *(EXCLUDE_FILE(*crtend.o) .ctors)
 *(SORT(.ctors.*))
 *crtend.o(.ctors)
                0x0000210c                . = ALIGN (0x4)
 *(.fini)
 .fini          0x0000210c        0x4 c:/program files (x86)/atmel/studio/7.0/toolchain/arm/arm-gnu-toolchain/bin/../lib/gcc/arm-none-eabi/6.3.1/thumb/v7e-m/crti.o
                0x0000210c                _fini
 .fini          0x00002110        0x8 c:/program files (x86)/atmel/studio/7.0/toolchain/arm/arm-gnu-toolchain/bin/../lib/gcc/arm-none-eabi/6.3.1/thumb/v7e-m/crtn.o
                0x00002118                . = ALIGN (0x4)
                0x00002118                __fini_array_start = .
 *(.fini_array)
 .fini_array    0x00002118        0x4 c:/program files (x86)/atmel/studio/7.0/toolchain/arm/arm-gnu-toolchain/bin/../lib/gcc/arm-none-eabi/6.3.1/thumb/v7e-m/crtbegin.o
 *(SORT(.fini_array.*))
                0x0000211c                __fini_array_end = .
 *crtbegin.o(.dtors)
 *(EXCLUDE_FILE(*crtend.o) .dtors)
 *(SORT(.dtors.*))
 *crtend.o(.dtors)
                0x0000211c                . = ALIGN (0x4)
                0x0000211c                _efixed = .
                [!provide]                PROVIDE (__exidx_start, .)

.vfp11_veneer   0x0000211c        0x0
 .vfp11_veneer  0x0000211c        0x0 linker stubs

.v4_bx          0x0000211c        0x0
 .v4_bx         0x0000211c        0x0 linker stubs

.iplt           0x0000211c        0x0
 .iplt          0x0000211c        0x0 c:/program files (x86)/atmel/studio/7.0/toolchain/arm/arm-gnu-toolchain/bin/../lib/gcc/arm-none-eabi/6.3.1/thumb/v7e-m/crtbegin.o

.eh_frame       0x0000211c        0x0
 .eh_frame      0x0000211c        0x0 c:/program files (x86)/atmel/studio/7.0/toolchain/arm/arm-gnu-toolchain/bin/../lib/gcc/arm-none-eabi/6.3.1/thumb/v7e-m/crtbegin.o

.rel.dyn        0x0000211c        0x0
 .rel.iplt      0x0000211c        0x0 c:/program files (x86)/atmel/studio/7.0/toolchain/arm/arm-gnu-toolchain/bin/../lib/gcc/arm-none-eabi/6.3.1/thumb/v7e-m/crtbegin.o

.jcr            0x0000211c        0x0
 .jcr           0x0000211c        0x0 c:/program files (x86)/atmel/studio/7.0/toolchain/arm/arm-gnu-toolchain/bin/../lib/gcc/arm-none-eabi/6.3.1/thumb/v7e-m/crtbegin.o

.igot.plt       0x0000211c        0x0
 .igot.plt      0x0000211c        0x0 c:/program files (x86)/atmel/studio/7.0/toolchain/arm/arm-gnu-toolchain/bin/../lib/gcc/arm-none-eabi/6.3.1/thumb/v7e-m/crtbegin.o

.ARM.exidx
 *(.ARM.exidx* .gnu.linkonce.armexidx.*)
                [!provide]                PROVIDE (__exidx_end, .)
                0x0000211c                . = ALIGN (0x4)
                0x0000211c                _etext = .

.relocate       0x20000000       0x10 load address 0x0000211c
                0x20000000                . = ALIGN (0x4)
                0x20000000                _srelocate = .
 *(.ramfunc .ramfunc.*)
 *(.data .data.*)
 .data          0x20000000        0xd main.o
                0x20000000                welcome_USART
                0x20000010                . = ALIGN (0x4)
 *fill*         0x2000000d        0x3 
                0x20000010                _erelocate = .

.bkupram        0x47000000        0x0
                0x47000000                . = ALIGN (0x8)
                0x47000000                _sbkupram = .
 *(.bkupram .bkupram.*)
                0x47000000                . = ALIGN (0x8)
                0x47000000                _ebkupram = .

.qspi           0x04000000        0x0
                0x04000000                . = ALIGN (0x8)
                0x04000000                _sqspi = .
 *(.qspi .qspi.*)
                0x04000000                . = ALIGN (0x8)
                0x04000000                _eqspi = .

.bss            0x20000010      0x100 load address 0x0000212c
                0x20000010                . = ALIGN (0x4)
                0x20000010                _sbss = .
                0x20000010                _szero = .
 *(.bss .bss.*)
 .bss           0x20000010       0x1c c:/program files (x86)/atmel/studio/7.0/toolchain/arm/arm-gnu-toolchain/bin/../lib/gcc/arm-none-eabi/6.3.1/thumb/v7e-m/crtbegin.o
 .bss           0x2000002c       0x10 driver_init.o
 .bss           0x2000003c        0x4 hal/src/hal_delay.o
 .bss           0x20000040        0x8 hal/src/hal_ext_irq.o
 .bss           0x20000048        0x4 hpl/eic/hpl_eic.o
 .bss           0x2000004c        0x4 hpl/sercom/hpl_sercom.o
 .bss           0x20000050        0x4 hpl/tc/hpl_tc.o
 *(COMMON)
 COMMON         0x20000054       0x84 driver_init.o
                0x20000054                SPI_0
                0x2000006c                USART_0
                0x200000bc                TIMER_0
 COMMON         0x200000d8       0x10 hpl/ramecc/hpl_ramecc.o
                0x200000d8                device
 COMMON         0x200000e8       0x21 main.o
                0x200000e8                OperatingMode
                0x200000ec                usart
                0x200000f0                PacketType
                0x200000f4                TIMER_0_task1
                0x20000108                commands
 *fill*         0x20000109        0x3 
 COMMON         0x2000010c        0x4 SX1262 Drivers/device_specific_implementation.o
                0x2000010c                spi
                0x20000110                . = ALIGN (0x4)
                0x20000110                _ebss = .
                0x20000110                _ezero = .

.stack          0x20000110    0x10000 load address 0x0000222c
                0x20000110                . = ALIGN (0x8)
                0x20000110                _sstack = .
                0x20010110                . = (. + STACK_SIZE)
 *fill*         0x20000110    0x10000 
                0x20010110                . = ALIGN (0x8)
                0x20010110                _estack = .
                0x20010110                . = ALIGN (0x4)
                0x20010110                _end = .
OUTPUT(Ping Pong Example.elf elf32-littlearm)

.ARM.attributes
                0x00000000       0x2e
 .ARM.attributes
                0x00000000       0x1e c:/program files (x86)/atmel/studio/7.0/toolchain/arm/arm-gnu-toolchain/bin/../lib/gcc/arm-none-eabi/6.3.1/thumb/v7e-m/crti.o
 .ARM.attributes
                0x0000001e       0x2e c:/program files (x86)/atmel/studio/7.0/toolchain/arm/arm-gnu-toolchain/bin/../lib/gcc/arm-none-eabi/6.3.1/thumb/v7e-m/crtbegin.o
 .ARM.attributes
                0x0000004c       0x37 atmel_start.o
 .ARM.attributes
                0x00000083       0x37 Device_Startup/startup_samd51.o
 .ARM.attributes
                0x000000ba       0x37 driver_init.o
 .ARM.attributes
                0x000000f1       0x37 hal/src/hal_atomic.o
 .ARM.attributes
                0x00000128       0x37 hal/src/hal_delay.o
 .ARM.attributes
                0x0000015f       0x37 hal/src/hal_ext_irq.o
 .ARM.attributes
                0x00000196       0x37 hal/src/hal_io.o
 .ARM.attributes
                0x000001cd       0x37 hal/src/hal_spi_m_sync.o
 .ARM.attributes
                0x00000204       0x37 hal/src/hal_timer.o
 .ARM.attributes
                0x0000023b       0x37 hal/src/hal_usart_async.o
 .ARM.attributes
                0x00000272       0x37 hal/utils/src/utils_assert.o
 .ARM.attributes
                0x000002a9       0x37 hal/utils/src/utils_list.o
 .ARM.attributes
                0x000002e0       0x37 hal/utils/src/utils_ringbuffer.o
 .ARM.attributes
                0x00000317       0x37 hpl/core/hpl_core_m4.o
 .ARM.attributes
                0x0000034e       0x37 hpl/core/hpl_init.o
 .ARM.attributes
                0x00000385       0x37 hpl/eic/hpl_eic.o
 .ARM.attributes
                0x000003bc       0x37 hpl/gclk/hpl_gclk.o
 .ARM.attributes
                0x000003f3       0x37 hpl/mclk/hpl_mclk.o
 .ARM.attributes
                0x0000042a       0x37 hpl/osc32kctrl/hpl_osc32kctrl.o
 .ARM.attributes
                0x00000461       0x37 hpl/oscctrl/hpl_oscctrl.o
 .ARM.attributes
                0x00000498       0x37 hpl/ramecc/hpl_ramecc.o
 .ARM.attributes
                0x000004cf       0x37 hpl/sercom/hpl_sercom.o
 .ARM.attributes
                0x00000506       0x37 hpl/systick/hpl_systick.o
 .ARM.attributes
                0x0000053d       0x37 hpl/tc/hpl_tc.o
 .ARM.attributes
                0x00000574       0x37 main.o
 .ARM.attributes
                0x000005ab       0x37 SX1262 Drivers/device_specific_implementation.o
 .ARM.attributes
                0x000005e2       0x37 SX1262 Drivers/sx126x_commands.o
 .ARM.attributes
                0x00000619       0x37 SX1262 Drivers/sx126x_hal.o
 .ARM.attributes
                0x00000650       0x2e c:/program files (x86)/atmel/studio/7.0/toolchain/arm/arm-gnu-toolchain/bin/../lib/gcc/arm-none-eabi/6.3.1/../../../../arm-none-eabi/lib/thumb/v7e-m\libc_nano.a(lib_a-init.o)
 .ARM.attributes
                0x0000067e       0x1e c:/program files (x86)/atmel/studio/7.0/toolchain/arm/arm-gnu-toolchain/bin/../lib/gcc/arm-none-eabi/6.3.1/thumb/v7e-m/crtn.o

.comment        0x00000000       0x59
 .comment       0x00000000       0x59 atmel_start.o
                                 0x5a (size before relaxing)
 .comment       0x00000059       0x5a Device_Startup/startup_samd51.o
 .comment       0x00000059       0x5a driver_init.o
 .comment       0x00000059       0x5a hal/src/hal_atomic.o
 .comment       0x00000059       0x5a hal/src/hal_delay.o
 .comment       0x00000059       0x5a hal/src/hal_ext_irq.o
 .comment       0x00000059       0x5a hal/src/hal_io.o
 .comment       0x00000059       0x5a hal/src/hal_spi_m_sync.o
 .comment       0x00000059       0x5a hal/src/hal_timer.o
 .comment       0x00000059       0x5a hal/src/hal_usart_async.o
 .comment       0x00000059       0x5a hal/utils/src/utils_assert.o
 .comment       0x00000059       0x5a hal/utils/src/utils_list.o
 .comment       0x00000059       0x5a hal/utils/src/utils_ringbuffer.o
 .comment       0x00000059       0x5a hpl/core/hpl_core_m4.o
 .comment       0x00000059       0x5a hpl/core/hpl_init.o
 .comment       0x00000059       0x5a hpl/eic/hpl_eic.o
 .comment       0x00000059       0x5a hpl/gclk/hpl_gclk.o
 .comment       0x00000059       0x5a hpl/mclk/hpl_mclk.o
 .comment       0x00000059       0x5a hpl/osc32kctrl/hpl_osc32kctrl.o
 .comment       0x00000059       0x5a hpl/oscctrl/hpl_oscctrl.o
 .comment       0x00000059       0x5a hpl/ramecc/hpl_ramecc.o
 .comment       0x00000059       0x5a hpl/sercom/hpl_sercom.o
 .comment       0x00000059       0x5a hpl/systick/hpl_systick.o
 .comment       0x00000059       0x5a hpl/tc/hpl_tc.o
 .comment       0x00000059       0x5a main.o
 .comment       0x00000059       0x5a SX1262 Drivers/device_specific_implementation.o
 .comment       0x00000059       0x5a SX1262 Drivers/sx126x_commands.o
 .comment       0x00000059       0x5a SX1262 Drivers/sx126x_hal.o

.debug_info     0x00000000    0x2707b
 .debug_info    0x00000000      0x57d atmel_start.o
 .debug_info    0x0000057d      0xd7a Device_Startup/startup_samd51.o
 .debug_info    0x000012f7     0x6636 driver_init.o
 .debug_info    0x0000792d      0x1fa hal/src/hal_atomic.o
 .debug_info    0x00007b27      0x205 hal/src/hal_delay.o
 .debug_info    0x00007d2c      0x37a hal/src/hal_ext_irq.o
 .debug_info    0x000080a6      0x2c5 hal/src/hal_io.o
 .debug_info    0x0000836b      0xa2c hal/src/hal_spi_m_sync.o
 .debug_info    0x00008d97      0xbe9 hal/src/hal_timer.o
 .debug_info    0x00009980     0x13fa hal/src/hal_usart_async.o
 .debug_info    0x0000ad7a      0x130 hal/utils/src/utils_assert.o
 .debug_info    0x0000aeaa      0x33a hal/utils/src/utils_list.o
 .debug_info    0x0000b1e4      0x33e hal/utils/src/utils_ringbuffer.o
 .debug_info    0x0000b522      0xbd8 hpl/core/hpl_core_m4.o
 .debug_info    0x0000c0fa      0xbe1 hpl/core/hpl_init.o
 .debug_info    0x0000ccdb     0x2006 hpl/eic/hpl_eic.o
 .debug_info    0x0000ece1      0x68b hpl/gclk/hpl_gclk.o
 .debug_info    0x0000f36c      0xa0c hpl/mclk/hpl_mclk.o
 .debug_info    0x0000fd78      0x819 hpl/osc32kctrl/hpl_osc32kctrl.o
 .debug_info    0x00010591     0x1a49 hpl/oscctrl/hpl_oscctrl.o
 .debug_info    0x00011fda      0xc03 hpl/ramecc/hpl_ramecc.o
 .debug_info    0x00012bdd     0xbe9f hpl/sercom/hpl_sercom.o
 .debug_info    0x0001ea7c      0x29f hpl/systick/hpl_systick.o
 .debug_info    0x0001ed1b     0x2bde hpl/tc/hpl_tc.o
 .debug_info    0x000218f9     0x1220 main.o
 .debug_info    0x00022b19     0x1068 SX1262 Drivers/device_specific_implementation.o
 .debug_info    0x00023b81     0x28ec SX1262 Drivers/sx126x_commands.o
 .debug_info    0x0002646d      0xc0e SX1262 Drivers/sx126x_hal.o

.debug_abbrev   0x00000000     0x41ec
 .debug_abbrev  0x00000000      0x104 atmel_start.o
 .debug_abbrev  0x00000104      0x171 Device_Startup/startup_samd51.o
 .debug_abbrev  0x00000275      0x36e driver_init.o
 .debug_abbrev  0x000005e3      0x155 hal/src/hal_atomic.o
 .debug_abbrev  0x00000738       0xf9 hal/src/hal_delay.o
 .debug_abbrev  0x00000831      0x18b hal/src/hal_ext_irq.o
 .debug_abbrev  0x000009bc      0x12d hal/src/hal_io.o
 .debug_abbrev  0x00000ae9      0x1c9 hal/src/hal_spi_m_sync.o
 .debug_abbrev  0x00000cb2      0x232 hal/src/hal_timer.o
 .debug_abbrev  0x00000ee4      0x2a8 hal/src/hal_usart_async.o
 .debug_abbrev  0x0000118c       0x9e hal/utils/src/utils_assert.o
 .debug_abbrev  0x0000122a      0x18d hal/utils/src/utils_list.o
 .debug_abbrev  0x000013b7      0x119 hal/utils/src/utils_ringbuffer.o
 .debug_abbrev  0x000014d0      0x2a4 hpl/core/hpl_core_m4.o
 .debug_abbrev  0x00001774      0x1ea hpl/core/hpl_init.o
 .debug_abbrev  0x0000195e      0x447 hpl/eic/hpl_eic.o
 .debug_abbrev  0x00001da5      0x1c9 hpl/gclk/hpl_gclk.o
 .debug_abbrev  0x00001f6e      0x1bd hpl/mclk/hpl_mclk.o
 .debug_abbrev  0x0000212b      0x1fc hpl/osc32kctrl/hpl_osc32kctrl.o
 .debug_abbrev  0x00002327      0x2a4 hpl/oscctrl/hpl_oscctrl.o
 .debug_abbrev  0x000025cb      0x2c8 hpl/ramecc/hpl_ramecc.o
 .debug_abbrev  0x00002893      0x5ef hpl/sercom/hpl_sercom.o
 .debug_abbrev  0x00002e82      0x196 hpl/systick/hpl_systick.o
 .debug_abbrev  0x00003018      0x4f9 hpl/tc/hpl_tc.o
 .debug_abbrev  0x00003511      0x332 main.o
 .debug_abbrev  0x00003843      0x407 SX1262 Drivers/device_specific_implementation.o
 .debug_abbrev  0x00003c4a      0x3ed SX1262 Drivers/sx126x_commands.o
 .debug_abbrev  0x00004037      0x1b5 SX1262 Drivers/sx126x_hal.o

.debug_loc      0x00000000     0xea75
 .debug_loc     0x00000000       0x20 atmel_start.o
 .debug_loc     0x00000020       0x6b Device_Startup/startup_samd51.o
 .debug_loc     0x0000008b     0x1070 driver_init.o
 .debug_loc     0x000010fb       0x13 hal/src/hal_atomic.o
 .debug_loc     0x0000110e       0xc3 hal/src/hal_delay.o
 .debug_loc     0x000011d1      0x367 hal/src/hal_ext_irq.o
 .debug_loc     0x00001538      0x152 hal/src/hal_io.o
 .debug_loc     0x0000168a      0x6c9 hal/src/hal_spi_m_sync.o
 .debug_loc     0x00001d53      0x691 hal/src/hal_timer.o
 .debug_loc     0x000023e4      0xded hal/src/hal_usart_async.o
 .debug_loc     0x000031d1      0x29f hal/utils/src/utils_list.o
 .debug_loc     0x00003470      0x2bd hal/utils/src/utils_ringbuffer.o
 .debug_loc     0x0000372d      0x1d7 hpl/core/hpl_core_m4.o
 .debug_loc     0x00003904       0x4c hpl/core/hpl_init.o
 .debug_loc     0x00003950      0x686 hpl/eic/hpl_eic.o
 .debug_loc     0x00003fd6      0x156 hpl/gclk/hpl_gclk.o
 .debug_loc     0x0000412c       0x2c hpl/mclk/hpl_mclk.o
 .debug_loc     0x00004158      0x11b hpl/osc32kctrl/hpl_osc32kctrl.o
 .debug_loc     0x00004273      0x22f hpl/oscctrl/hpl_oscctrl.o
 .debug_loc     0x000044a2      0x130 hpl/ramecc/hpl_ramecc.o
 .debug_loc     0x000045d2     0x7ca1 hpl/sercom/hpl_sercom.o
 .debug_loc     0x0000c273      0x160 hpl/systick/hpl_systick.o
 .debug_loc     0x0000c3d3      0xa20 hpl/tc/hpl_tc.o
 .debug_loc     0x0000cdf3       0xb5 main.o
 .debug_loc     0x0000cea8      0x444 SX1262 Drivers/device_specific_implementation.o
 .debug_loc     0x0000d2ec     0x1265 SX1262 Drivers/sx126x_commands.o
 .debug_loc     0x0000e551      0x524 SX1262 Drivers/sx126x_hal.o

.debug_aranges  0x00000000      0xe08
 .debug_aranges
                0x00000000       0x20 atmel_start.o
 .debug_aranges
                0x00000020       0x28 Device_Startup/startup_samd51.o
 .debug_aranges
                0x00000048       0x60 driver_init.o
 .debug_aranges
                0x000000a8       0x30 hal/src/hal_atomic.o
 .debug_aranges
                0x000000d8       0x38 hal/src/hal_delay.o
 .debug_aranges
                0x00000110       0x50 hal/src/hal_ext_irq.o
 .debug_aranges
                0x00000160       0x30 hal/src/hal_io.o
 .debug_aranges
                0x00000190       0x88 hal/src/hal_spi_m_sync.o
 .debug_aranges
                0x00000218       0x70 hal/src/hal_timer.o
 .debug_aranges
                0x00000288       0xe0 hal/src/hal_usart_async.o
 .debug_aranges
                0x00000368       0x20 hal/utils/src/utils_assert.o
 .debug_aranges
                0x00000388       0x48 hal/utils/src/utils_list.o
 .debug_aranges
                0x000003d0       0x40 hal/utils/src/utils_ringbuffer.o
 .debug_aranges
                0x00000410       0x70 hpl/core/hpl_core_m4.o
 .debug_aranges
                0x00000480       0x20 hpl/core/hpl_init.o
 .debug_aranges
                0x000004a0       0x38 hpl/eic/hpl_eic.o
 .debug_aranges
                0x000004d8       0x28 hpl/gclk/hpl_gclk.o
 .debug_aranges
                0x00000500       0x20 hpl/mclk/hpl_mclk.o
 .debug_aranges
                0x00000520       0x20 hpl/osc32kctrl/hpl_osc32kctrl.o
 .debug_aranges
                0x00000540       0x28 hpl/oscctrl/hpl_oscctrl.o
 .debug_aranges
                0x00000568       0x30 hpl/ramecc/hpl_ramecc.o
 .debug_aranges
                0x00000598      0x500 hpl/sercom/hpl_sercom.o
 .debug_aranges
                0x00000a98       0x48 hpl/systick/hpl_systick.o
 .debug_aranges
                0x00000ae0       0x78 hpl/tc/hpl_tc.o
 .debug_aranges
                0x00000b58       0x40 main.o
 .debug_aranges
                0x00000b98       0x50 SX1262 Drivers/device_specific_implementation.o
 .debug_aranges
                0x00000be8      0x190 SX1262 Drivers/sx126x_commands.o
 .debug_aranges
                0x00000d78       0x90 SX1262 Drivers/sx126x_hal.o

.debug_ranges   0x00000000     0x11d8
 .debug_ranges  0x00000000       0x10 atmel_start.o
 .debug_ranges  0x00000010       0x18 Device_Startup/startup_samd51.o
 .debug_ranges  0x00000028       0x50 driver_init.o
 .debug_ranges  0x00000078       0x20 hal/src/hal_atomic.o
 .debug_ranges  0x00000098       0x28 hal/src/hal_delay.o
 .debug_ranges  0x000000c0       0x40 hal/src/hal_ext_irq.o
 .debug_ranges  0x00000100       0x20 hal/src/hal_io.o
 .debug_ranges  0x00000120       0x78 hal/src/hal_spi_m_sync.o
 .debug_ranges  0x00000198       0xa8 hal/src/hal_timer.o
 .debug_ranges  0x00000240       0xf0 hal/src/hal_usart_async.o
 .debug_ranges  0x00000330       0x10 hal/utils/src/utils_assert.o
 .debug_ranges  0x00000340       0x58 hal/utils/src/utils_list.o
 .debug_ranges  0x00000398       0x30 hal/utils/src/utils_ringbuffer.o
 .debug_ranges  0x000003c8       0x60 hpl/core/hpl_core_m4.o
 .debug_ranges  0x00000428       0x10 hpl/core/hpl_init.o
 .debug_ranges  0x00000438       0x60 hpl/eic/hpl_eic.o
 .debug_ranges  0x00000498       0x18 hpl/gclk/hpl_gclk.o
 .debug_ranges  0x000004b0       0x10 hpl/mclk/hpl_mclk.o
 .debug_ranges  0x000004c0       0x10 hpl/osc32kctrl/hpl_osc32kctrl.o
 .debug_ranges  0x000004d0       0x18 hpl/oscctrl/hpl_oscctrl.o
 .debug_ranges  0x000004e8       0x38 hpl/ramecc/hpl_ramecc.o
 .debug_ranges  0x00000520      0x978 hpl/sercom/hpl_sercom.o
 .debug_ranges  0x00000e98       0x38 hpl/systick/hpl_systick.o
 .debug_ranges  0x00000ed0       0x98 hpl/tc/hpl_tc.o
 .debug_ranges  0x00000f68       0x30 main.o
 .debug_ranges  0x00000f98       0x40 SX1262 Drivers/device_specific_implementation.o
 .debug_ranges  0x00000fd8      0x180 SX1262 Drivers/sx126x_commands.o
 .debug_ranges  0x00001158       0x80 SX1262 Drivers/sx126x_hal.o

.debug_macro    0x00000000    0x304c7
 .debug_macro   0x00000000      0x7c3 atmel_start.o
 .debug_macro   0x000007c3      0x8b0 atmel_start.o
 .debug_macro   0x00001073      0x16d atmel_start.o
 .debug_macro   0x000011e0       0x22 atmel_start.o
 .debug_macro   0x00001202       0x87 atmel_start.o
 .debug_macro   0x00001289       0x51 atmel_start.o
 .debug_macro   0x000012da       0xef atmel_start.o
 .debug_macro   0x000013c9       0x6a atmel_start.o
 .debug_macro   0x00001433      0x1df atmel_start.o
 .debug_macro   0x00001612       0x22 atmel_start.o
 .debug_macro   0x00001634       0x54 atmel_start.o
 .debug_macro   0x00001688       0x1c atmel_start.o
 .debug_macro   0x000016a4       0x22 atmel_start.o
 .debug_macro   0x000016c6       0xdf atmel_start.o
 .debug_macro   0x000017a5     0x102d atmel_start.o
 .debug_macro   0x000027d2      0x11f atmel_start.o
 .debug_macro   0x000028f1      0x706 atmel_start.o
 .debug_macro   0x00002ff7      0xb5b atmel_start.o
 .debug_macro   0x00003b52      0x3c0 atmel_start.o
 .debug_macro   0x00003f12      0x336 atmel_start.o
 .debug_macro   0x00004248      0x3b7 atmel_start.o
 .debug_macro   0x000045ff      0x668 atmel_start.o
 .debug_macro   0x00004c67     0x143f atmel_start.o
 .debug_macro   0x000060a6      0x651 atmel_start.o
 .debug_macro   0x000066f7      0x67b atmel_start.o
 .debug_macro   0x00006d72      0x6d7 atmel_start.o
 .debug_macro   0x00007449      0x172 atmel_start.o
 .debug_macro   0x000075bb      0x395 atmel_start.o
 .debug_macro   0x00007950       0x3a atmel_start.o
 .debug_macro   0x0000798a      0x72a atmel_start.o
 .debug_macro   0x000080b4      0xb12 atmel_start.o
 .debug_macro   0x00008bc6      0x59f atmel_start.o
 .debug_macro   0x00009165      0xbc0 atmel_start.o
 .debug_macro   0x00009d25      0x9b9 atmel_start.o
 .debug_macro   0x0000a6de      0x2a3 atmel_start.o
 .debug_macro   0x0000a981      0x877 atmel_start.o
 .debug_macro   0x0000b1f8      0x1ea atmel_start.o
 .debug_macro   0x0000b3e2      0x8f4 atmel_start.o
 .debug_macro   0x0000bcd6      0x216 atmel_start.o
 .debug_macro   0x0000beec      0x3f9 atmel_start.o
 .debug_macro   0x0000c2e5      0x620 atmel_start.o
 .debug_macro   0x0000c905      0x10d atmel_start.o
 .debug_macro   0x0000ca12       0xb8 atmel_start.o
 .debug_macro   0x0000caca     0x1df7 atmel_start.o
 .debug_macro   0x0000e8c1     0x2e69 atmel_start.o
 .debug_macro   0x0001172a     0x11ed atmel_start.o
 .debug_macro   0x00012917      0x50e atmel_start.o
 .debug_macro   0x00012e25      0x930 atmel_start.o
 .debug_macro   0x00013755     0x1ad8 atmel_start.o
 .debug_macro   0x0001522d       0xe7 atmel_start.o
 .debug_macro   0x00015314     0x13e6 atmel_start.o
 .debug_macro   0x000166fa      0x36a atmel_start.o
 .debug_macro   0x00016a64       0x94 atmel_start.o
 .debug_macro   0x00016af8       0xdc atmel_start.o
 .debug_macro   0x00016bd4       0xe2 atmel_start.o
 .debug_macro   0x00016cb6       0xdc atmel_start.o
 .debug_macro   0x00016d92       0x46 atmel_start.o
 .debug_macro   0x00016dd8       0x4c atmel_start.o
 .debug_macro   0x00016e24       0xc4 atmel_start.o
 .debug_macro   0x00016ee8      0x7d5 atmel_start.o
 .debug_macro   0x000176bd       0xb8 atmel_start.o
 .debug_macro   0x00017775       0x7c atmel_start.o
 .debug_macro   0x000177f1      0xc19 atmel_start.o
 .debug_macro   0x0001840a       0x46 atmel_start.o
 .debug_macro   0x00018450      0x25b atmel_start.o
 .debug_macro   0x000186ab      0x170 atmel_start.o
 .debug_macro   0x0001881b       0x7c atmel_start.o
 .debug_macro   0x00018897       0xbe atmel_start.o
 .debug_macro   0x00018955       0x4c atmel_start.o
 .debug_macro   0x000189a1       0x82 atmel_start.o
 .debug_macro   0x00018a23      0x1a3 atmel_start.o
 .debug_macro   0x00018bc6       0x46 atmel_start.o
 .debug_macro   0x00018c0c       0x6a atmel_start.o
 .debug_macro   0x00018c76       0x46 atmel_start.o
 .debug_macro   0x00018cbc       0x88 atmel_start.o
 .debug_macro   0x00018d44       0x46 atmel_start.o
 .debug_macro   0x00018d8a      0x24e atmel_start.o
 .debug_macro   0x00018fd8       0x1c atmel_start.o
 .debug_macro   0x00018ff4       0x76 atmel_start.o
 .debug_macro   0x0001906a       0x3a atmel_start.o
 .debug_macro   0x000190a4       0x2e atmel_start.o
 .debug_macro   0x000190d2      0x196 atmel_start.o
 .debug_macro   0x00019268      0x16f atmel_start.o
 .debug_macro   0x000193d7      0x16f atmel_start.o
 .debug_macro   0x00019546      0x25d atmel_start.o
 .debug_macro   0x000197a3      0x25d atmel_start.o
 .debug_macro   0x00019a00      0x25d atmel_start.o
 .debug_macro   0x00019c5d      0x25d atmel_start.o
 .debug_macro   0x00019eba      0x25d atmel_start.o
 .debug_macro   0x0001a117      0x25d atmel_start.o
 .debug_macro   0x0001a374      0x25d atmel_start.o
 .debug_macro   0x0001a5d1      0x25d atmel_start.o
 .debug_macro   0x0001a82e       0x52 atmel_start.o
 .debug_macro   0x0001a880       0xfa atmel_start.o
 .debug_macro   0x0001a97a       0xfa atmel_start.o
 .debug_macro   0x0001aa74       0xfa atmel_start.o
 .debug_macro   0x0001ab6e       0xfa atmel_start.o
 .debug_macro   0x0001ac68       0xfa atmel_start.o
 .debug_macro   0x0001ad62       0xfa atmel_start.o
 .debug_macro   0x0001ae5c       0xfa atmel_start.o
 .debug_macro   0x0001af56       0xfa atmel_start.o
 .debug_macro   0x0001b050      0x148 atmel_start.o
 .debug_macro   0x0001b198      0x124 atmel_start.o
 .debug_macro   0x0001b2bc      0x106 atmel_start.o
 .debug_macro   0x0001b3c2       0xee atmel_start.o
 .debug_macro   0x0001b4b0       0xee atmel_start.o
 .debug_macro   0x0001b59e       0x2e atmel_start.o
 .debug_macro   0x0001b5cc      0x46a atmel_start.o
 .debug_macro   0x0001ba36       0x3a atmel_start.o
 .debug_macro   0x0001ba70      0x559 atmel_start.o
 .debug_macro   0x0001bfc9     0x4c73 atmel_start.o
 .debug_macro   0x00020c3c       0xcf atmel_start.o
 .debug_macro   0x00020d0b       0x10 atmel_start.o
 .debug_macro   0x00020d1b       0x10 atmel_start.o
 .debug_macro   0x00020d2b       0x16 atmel_start.o
 .debug_macro   0x00020d41       0x16 atmel_start.o
 .debug_macro   0x00020d57       0x16 atmel_start.o
 .debug_macro   0x00020d6d       0x16 atmel_start.o
 .debug_macro   0x00020d83       0x16 atmel_start.o
 .debug_macro   0x00020d99       0x40 atmel_start.o
 .debug_macro   0x00020dd9       0x16 atmel_start.o
 .debug_macro   0x00020def       0x16 atmel_start.o
 .debug_macro   0x00020e05       0x16 atmel_start.o
 .debug_macro   0x00020e1b       0x16 atmel_start.o
 .debug_macro   0x00020e31       0x16 atmel_start.o
 .debug_macro   0x00020e47       0x16 atmel_start.o
 .debug_macro   0x00020e5d       0x16 atmel_start.o
 .debug_macro   0x00020e73       0x16 atmel_start.o
 .debug_macro   0x00020e89       0x16 atmel_start.o
 .debug_macro   0x00020e9f       0x16 atmel_start.o
 .debug_macro   0x00020eb5       0x16 atmel_start.o
 .debug_macro   0x00020ecb       0x16 atmel_start.o
 .debug_macro   0x00020ee1       0x16 atmel_start.o
 .debug_macro   0x00020ef7       0x16 atmel_start.o
 .debug_macro   0x00020f0d       0x16 atmel_start.o
 .debug_macro   0x00020f23       0x16 atmel_start.o
 .debug_macro   0x00020f39       0x16 atmel_start.o
 .debug_macro   0x00020f4f       0x16 atmel_start.o
 .debug_macro   0x00020f65       0x16 atmel_start.o
 .debug_macro   0x00020f7b       0x16 atmel_start.o
 .debug_macro   0x00020f91      0xe5c atmel_start.o
 .debug_macro   0x00021ded      0x9b6 atmel_start.o
 .debug_macro   0x000227a3       0x94 atmel_start.o
 .debug_macro   0x00022837       0x16 atmel_start.o
 .debug_macro   0x0002284d       0xbe atmel_start.o
 .debug_macro   0x0002290b      0x28c atmel_start.o
 .debug_macro   0x00022b97       0x16 atmel_start.o
 .debug_macro   0x00022bad      0x4d8 atmel_start.o
 .debug_macro   0x00023085       0x16 atmel_start.o
 .debug_macro   0x0002309b       0xca atmel_start.o
 .debug_macro   0x00023165       0x1c atmel_start.o
 .debug_macro   0x00023181       0x16 atmel_start.o
 .debug_macro   0x00023197      0x185 atmel_start.o
 .debug_macro   0x0002331c       0x94 atmel_start.o
 .debug_macro   0x000233b0       0xc9 atmel_start.o
 .debug_macro   0x00023479      0x480 Device_Startup/startup_samd51.o
 .debug_macro   0x000238f9       0x4e Device_Startup/startup_samd51.o
 .debug_macro   0x00023947      0x7c7 driver_init.o
 .debug_macro   0x0002410e       0x5f driver_init.o
 .debug_macro   0x0002416d      0x63b hal/src/hal_atomic.o
 .debug_macro   0x000247a8      0x672 hal/src/hal_delay.o
 .debug_macro   0x00024e1a      0x657 hal/src/hal_ext_irq.o
 .debug_macro   0x00025471      0x650 hal/src/hal_io.o
 .debug_macro   0x00025ac1      0x698 hal/src/hal_spi_m_sync.o
 .debug_macro   0x00026159      0x687 hal/src/hal_timer.o
 .debug_macro   0x000267e0      0x69f hal/src/hal_usart_async.o
 .debug_macro   0x00026e7f      0x645 hal/utils/src/utils_assert.o
 .debug_macro   0x000274c4       0x10 hal/utils/src/utils_assert.o
 .debug_macro   0x000274d4      0x64a hal/utils/src/utils_list.o
 .debug_macro   0x00027b1e      0x64a hal/utils/src/utils_ringbuffer.o
 .debug_macro   0x00028168      0x67a hpl/core/hpl_core_m4.o
 .debug_macro   0x000287e2      0x6de hpl/core/hpl_init.o
 .debug_macro   0x00028ec0       0x2e hpl/core/hpl_init.o
 .debug_macro   0x00028eee      0xd7b hpl/core/hpl_init.o
 .debug_macro   0x00029c69      0x730 hpl/eic/hpl_eic.o
 .debug_macro   0x0002a399      0x2e9 hpl/eic/hpl_eic.o
 .debug_macro   0x0002a682      0x654 hpl/gclk/hpl_gclk.o
 .debug_macro   0x0002acd6      0x2f0 hpl/gclk/hpl_gclk.o
 .debug_macro   0x0002afc6      0x64f hpl/mclk/hpl_mclk.o
 .debug_macro   0x0002b615      0x64a hpl/osc32kctrl/hpl_osc32kctrl.o
 .debug_macro   0x0002bc5f       0x80 hpl/osc32kctrl/hpl_osc32kctrl.o
 .debug_macro   0x0002bcdf      0x654 hpl/oscctrl/hpl_oscctrl.o
 .debug_macro   0x0002c333      0x216 hpl/oscctrl/hpl_oscctrl.o
 .debug_macro   0x0002c549      0x665 hpl/ramecc/hpl_ramecc.o
 .debug_macro   0x0002cbae      0x897 hpl/sercom/hpl_sercom.o
 .debug_macro   0x0002d445       0x70 hpl/sercom/hpl_sercom.o
 .debug_macro   0x0002d4b5      0x182 hpl/sercom/hpl_sercom.o
 .debug_macro   0x0002d637       0x10 hpl/sercom/hpl_sercom.o
 .debug_macro   0x0002d647       0x1c hpl/sercom/hpl_sercom.o
 .debug_macro   0x0002d663       0x22 hpl/sercom/hpl_sercom.o
 .debug_macro   0x0002d685       0x10 hpl/sercom/hpl_sercom.o
 .debug_macro   0x0002d695      0x64a hpl/systick/hpl_systick.o
 .debug_macro   0x0002dcdf       0x10 hpl/systick/hpl_systick.o
 .debug_macro   0x0002dcef      0x6c2 hpl/tc/hpl_tc.o
 .debug_macro   0x0002e3b1       0x10 hpl/tc/hpl_tc.o
 .debug_macro   0x0002e3c1       0x83 hpl/tc/hpl_tc.o
 .debug_macro   0x0002e444      0x7e6 main.o
 .debug_macro   0x0002ec2a       0x95 main.o
 .debug_macro   0x0002ecbf       0x5e main.o
 .debug_macro   0x0002ed1d      0x6ef SX1262 Drivers/device_specific_implementation.o
 .debug_macro   0x0002f40c       0x9a SX1262 Drivers/device_specific_implementation.o
 .debug_macro   0x0002f4a6       0x95 SX1262 Drivers/device_specific_implementation.o
 .debug_macro   0x0002f53b      0x7b3 SX1262 Drivers/sx126x_commands.o
 .debug_macro   0x0002fcee       0xd9 SX1262 Drivers/sx126x_commands.o
 .debug_macro   0x0002fdc7      0x700 SX1262 Drivers/sx126x_hal.o

.debug_line     0x00000000    0x187df
 .debug_line    0x00000000      0xd9f atmel_start.o
 .debug_line    0x00000d9f      0x88c Device_Startup/startup_samd51.o
 .debug_line    0x0000162b      0xf46 driver_init.o
 .debug_line    0x00002571      0xbb5 hal/src/hal_atomic.o
 .debug_line    0x00003126      0xbe9 hal/src/hal_delay.o
 .debug_line    0x00003d0f      0xc28 hal/src/hal_ext_irq.o
 .debug_line    0x00004937      0xbd5 hal/src/hal_io.o
 .debug_line    0x0000550c      0xd30 hal/src/hal_spi_m_sync.o
 .debug_line    0x0000623c      0xd62 hal/src/hal_timer.o
 .debug_line    0x00006f9e      0xe9f hal/src/hal_usart_async.o
 .debug_line    0x00007e3d      0xb8a hal/utils/src/utils_assert.o
 .debug_line    0x000089c7      0xc1d hal/utils/src/utils_list.o
 .debug_line    0x000095e4      0xc29 hal/utils/src/utils_ringbuffer.o
 .debug_line    0x0000a20d      0xcdd hpl/core/hpl_core_m4.o
 .debug_line    0x0000aeea      0xc9a hpl/core/hpl_init.o
 .debug_line    0x0000bb84      0xd94 hpl/eic/hpl_eic.o
 .debug_line    0x0000c918      0xbef hpl/gclk/hpl_gclk.o
 .debug_line    0x0000d507      0xbad hpl/mclk/hpl_mclk.o
 .debug_line    0x0000e0b4      0xbce hpl/osc32kctrl/hpl_osc32kctrl.o
 .debug_line    0x0000ec82      0xcde hpl/oscctrl/hpl_oscctrl.o
 .debug_line    0x0000f960      0xc50 hpl/ramecc/hpl_ramecc.o
 .debug_line    0x000105b0     0x2b81 hpl/sercom/hpl_sercom.o
 .debug_line    0x00013131      0xc1d hpl/systick/hpl_systick.o
 .debug_line    0x00013d4e      0xec1 hpl/tc/hpl_tc.o
 .debug_line    0x00014c0f      0xe4b main.o
 .debug_line    0x00015a5a      0xd7c SX1262 Drivers/device_specific_implementation.o
 .debug_line    0x000167d6     0x11ef SX1262 Drivers/sx126x_commands.o
 .debug_line    0x000179c5      0xe1a SX1262 Drivers/sx126x_hal.o

.debug_str      0x00000000    0xfec9a
 .debug_str     0x00000000    0xeb3b7 atmel_start.o
                              0xeb937 (size before relaxing)
 .debug_str     0x000eb3b7      0xbf2 Device_Startup/startup_samd51.o
                              0xd43e8 (size before relaxing)
 .debug_str     0x000ebfa9     0x166b driver_init.o
                              0xed095 (size before relaxing)
 .debug_str     0x000ed614       0x9c hal/src/hal_atomic.o
                              0xe9cf5 (size before relaxing)
 .debug_str     0x000ed6b0       0x92 hal/src/hal_delay.o
                              0xe9d5f (size before relaxing)
 .debug_str     0x000ed742       0xcc hal/src/hal_ext_irq.o
                              0xe9da8 (size before relaxing)
 .debug_str     0x000ed80e       0x33 hal/src/hal_io.o
                              0xe9d90 (size before relaxing)
 .debug_str     0x000ed841      0x2ef hal/src/hal_spi_m_sync.o
                              0xea67d (size before relaxing)
 .debug_str     0x000edb30      0x2cc hal/src/hal_timer.o
                              0xea622 (size before relaxing)
 .debug_str     0x000eddfc      0x674 hal/src/hal_usart_async.o
                              0xeabda (size before relaxing)
 .debug_str     0x000ee470       0x2a hal/utils/src/utils_assert.o
                              0xe9d05 (size before relaxing)
 .debug_str     0x000ee49a       0x31 hal/utils/src/utils_list.o
                              0xe9daf (size before relaxing)
 .debug_str     0x000ee4cb       0x24 hal/utils/src/utils_ringbuffer.o
                              0xe9d99 (size before relaxing)
 .debug_str     0x000ee4ef      0x84d hpl/core/hpl_core_m4.o
                              0xead88 (size before relaxing)
 .debug_str     0x000eed3c     0x3109 hpl/core/hpl_init.o
                              0xee128 (size before relaxing)
 .debug_str     0x000f1e45     0x3d00 hpl/eic/hpl_eic.o
                              0xee7bc (size before relaxing)
 .debug_str     0x000f5b45      0xbf6 hpl/gclk/hpl_gclk.o
                              0xeaa32 (size before relaxing)
 .debug_str     0x000f673b       0x47 hpl/mclk/hpl_mclk.o
                              0xea2d9 (size before relaxing)
 .debug_str     0x000f6782      0x50f hpl/osc32kctrl/hpl_osc32kctrl.o
                              0xea215 (size before relaxing)
 .debug_str     0x000f6c91      0xcd2 hpl/oscctrl/hpl_oscctrl.o
                              0xeb6d1 (size before relaxing)
 .debug_str     0x000f7963      0x25d hpl/ramecc/hpl_ramecc.o
                              0xeac1d (size before relaxing)
 .debug_str     0x000f7bc0     0x4a8c hpl/sercom/hpl_sercom.o
                              0xf0760 (size before relaxing)
 .debug_str     0x000fc64c       0xcd hpl/systick/hpl_systick.o
                              0xe9d4d (size before relaxing)
 .debug_str     0x000fc719      0xa2d hpl/tc/hpl_tc.o
                              0xebb3c (size before relaxing)
 .debug_str     0x000fd146      0x860 main.o
                              0xec52f (size before relaxing)
 .debug_str     0x000fd9a6      0x112 SX1262 Drivers/device_specific_implementation.o
                              0xebe8b (size before relaxing)
 .debug_str     0x000fdab8     0x1142 SX1262 Drivers/sx126x_commands.o
                              0xefb0e (size before relaxing)
 .debug_str     0x000febfa       0xa0 SX1262 Drivers/sx126x_hal.o
                              0xebf52 (size before relaxing)

.debug_frame    0x00000000     0x24e8
 .debug_frame   0x00000000       0x28 atmel_start.o
 .debug_frame   0x00000028       0x38 Device_Startup/startup_samd51.o
 .debug_frame   0x00000060       0xd0 driver_init.o
 .debug_frame   0x00000130       0x40 hal/src/hal_atomic.o
 .debug_frame   0x00000170       0x68 hal/src/hal_delay.o
 .debug_frame   0x000001d8       0xb4 hal/src/hal_ext_irq.o
 .debug_frame   0x0000028c       0x58 hal/src/hal_io.o
 .debug_frame   0x000002e4      0x198 hal/src/hal_spi_m_sync.o
 .debug_frame   0x0000047c      0x148 hal/src/hal_timer.o
 .debug_frame   0x000005c4      0x2b0 hal/src/hal_usart_async.o
 .debug_frame   0x00000874       0x20 hal/utils/src/utils_assert.o
 .debug_frame   0x00000894       0x9c hal/utils/src/utils_list.o
 .debug_frame   0x00000930       0x94 hal/utils/src/utils_ringbuffer.o
 .debug_frame   0x000009c4       0xcc hpl/core/hpl_core_m4.o
 .debug_frame   0x00000a90       0x28 hpl/core/hpl_init.o
 .debug_frame   0x00000ab8       0x68 hpl/eic/hpl_eic.o
 .debug_frame   0x00000b20       0x30 hpl/gclk/hpl_gclk.o
 .debug_frame   0x00000b50       0x20 hpl/mclk/hpl_mclk.o
 .debug_frame   0x00000b70       0x20 hpl/osc32kctrl/hpl_osc32kctrl.o
 .debug_frame   0x00000b90       0x30 hpl/oscctrl/hpl_oscctrl.o
 .debug_frame   0x00000bc0       0x4c hpl/ramecc/hpl_ramecc.o
 .debug_frame   0x00000c0c      0xecc hpl/sercom/hpl_sercom.o
 .debug_frame   0x00001ad8       0x7c hpl/systick/hpl_systick.o
 .debug_frame   0x00001b54      0x10c hpl/tc/hpl_tc.o
 .debug_frame   0x00001c60       0x78 main.o
 .debug_frame   0x00001cd8       0xcc SX1262 Drivers/device_specific_implementation.o
 .debug_frame   0x00001da4      0x554 SX1262 Drivers/sx126x_commands.o
 .debug_frame   0x000022f8      0x1c4 SX1262 Drivers/sx126x_hal.o
 .debug_frame   0x000024bc       0x2c c:/program files (x86)/atmel/studio/7.0/toolchain/arm/arm-gnu-toolchain/bin/../lib/gcc/arm-none-eabi/6.3.1/../../../../arm-none-eabi/lib/thumb/v7e-m\libc_nano.a(lib_a-init.o)
